#
# There is insufficient memory for the Java Runtime Environment to continue.
# Native memory allocation (mmap) failed to map 63963136 bytes for Failed to commit area from 0x000000071d200000 to 0x0000000720f00000 of length 63963136.
# Possible reasons:
#   The system is out of physical RAM or swap space
#   The process is running with CompressedOops enabled, and the Java Heap may be blocking the growth of the native heap
# Possible solutions:
#   Reduce memory load on the system
#   Increase physical memory or swap space
#   Check if swap backing store is full
#   Decrease Java heap size (-Xmx/-Xms)
#   Decrease number of Java threads
#   Decrease Java thread stack sizes (-Xss)
#   Set larger code cache with -XX:ReservedCodeCacheSize=
#   JVM is running with Zero Based Compressed Oops mode in which the Java heap is
#     placed in the first 32GB address space. The Java Heap base address is the
#     maximum limit for the native heap growth. Please use -XX:HeapBaseMinAddress
#     to set the Java Heap base and to place the Java Heap above 32GB virtual address.
# This output file may be truncated or incomplete.
#
#  Out of Memory Error (./src/hotspot/os/windows/os_windows.cpp:3386), pid=22968, tid=2420
#
# JRE version: OpenJDK Runtime Environment Temurin-11.0.16+8 (11.0.16+8) (build 11.0.16+8)
# Java VM: OpenJDK 64-Bit Server VM Temurin-11.0.16+8 (11.0.16+8, mixed mode, tiered, compressed oops, g1 gc, windows-amd64)
# No core dump will be written. Minidumps are not enabled by default on client versions of Windows
#

---------------  S U M M A R Y ------------

Command Line: -Djavax.net.ssl.trustStoreType=WINDOWS-ROOT com.st.microxplorer.maingui.STM32CubeMX C:\Users\Muster\Desktop\Desktop\elephant\Chassis\Chassis.ioc

Host: AMD Ryzen 7 PRO 4750U with Radeon Graphics, 16 cores, 15G,  Windows 10 , 64 bit Build 19041 (10.0.19041.2788)
Time: Sat Apr 22 20:03:21 2023  Windows 10 , 64 bit Build 19041 (10.0.19041.2788) elapsed time: 175.815047 seconds (0d 0h 2m 55s)

---------------  T H R E A D  ---------------

Current thread (0x000001ecff819000):  VMThread "VM Thread" [stack: 0x0000005356200000,0x0000005356300000] [id=2420]

Stack: [0x0000005356200000,0x0000005356300000]
[error occurred during error reporting (printing stack bounds), id 0xc0000005, EXCEPTION_ACCESS_VIOLATION (0xc0000005) at pc=0x000001ec8000112d]

Native frames: (J=compiled Java code, j=interpreted, Vv=VM code, C=native code)
V  [jvm.dll+0x61f1da]
V  [jvm.dll+0x7abc69]
V  [jvm.dll+0x7ad358]
V  [jvm.dll+0x7ad995]
V  [jvm.dll+0x7ad94b]
V  [jvm.dll+0x61e567]
V  [jvm.dll+0x61ec78]
C  [ntdll.dll+0xa23df]
C  [ntdll.dll+0x514a4]
C  [ntdll.dll+0xa0f0e]
C  0x000001ec8000112d

VM_Operation (0x000000535a2fe830): G1CollectForAllocation, mode: safepoint, requested by thread 0x000001ec9cede000


---------------  P R O C E S S  ---------------

Threads class SMR info:
_java_thread_list=0x000001ec91e66e30, length=28, elements={
0x000001ecff81b800, 0x000001ecff8da000, 0x000001ecff942800, 0x000001ecff841000,
0x000001ecff842000, 0x000001ecff94c000, 0x000001ecff845800, 0x000001ecff84d000,
0x000001ecffb32000, 0x000001ecffb4a800, 0x000001ec91ffd000, 0x000001ec926ea000,
0x000001ecffbb1000, 0x000001ec91b2a800, 0x000001ece9d4e000, 0x000001ec91ce6000,
0x000001ec9cedb800, 0x000001ec9cedd000, 0x000001ec9ad13800, 0x000001ec9ced9000,
0x000001ec99e07000, 0x000001ec99e06000, 0x000001ec99e07800, 0x000001ec99e08800,
0x000001ec99e0a000, 0x000001ec99e0b000, 0x000001ec9cedc000, 0x000001ec9cede000
}

Java Threads: ( => current thread )
  0x000001ecff81b800 JavaThread "Reference Handler" daemon [_thread_blocked, id=22204, stack(0x0000005356300000,0x0000005356400000)]
  0x000001ecff8da000 JavaThread "Finalizer" daemon [_thread_blocked, id=22236, stack(0x0000005356400000,0x0000005356500000)]
  0x000001ecff942800 JavaThread "Signal Dispatcher" daemon [_thread_blocked, id=16080, stack(0x0000005356500000,0x0000005356600000)]
  0x000001ecff841000 JavaThread "Attach Listener" daemon [_thread_blocked, id=16812, stack(0x0000005356600000,0x0000005356700000)]
  0x000001ecff842000 JavaThread "Service Thread" daemon [_thread_blocked, id=13804, stack(0x0000005356700000,0x0000005356800000)]
  0x000001ecff94c000 JavaThread "C2 CompilerThread0" daemon [_thread_blocked, id=9040, stack(0x0000005356800000,0x0000005356900000)]
  0x000001ecff845800 JavaThread "C1 CompilerThread0" daemon [_thread_blocked, id=9660, stack(0x0000005356900000,0x0000005356a00000)]
  0x000001ecff84d000 JavaThread "Sweeper thread" daemon [_thread_blocked, id=5640, stack(0x0000005356a00000,0x0000005356b00000)]
  0x000001ecffb32000 JavaThread "Common-Cleaner" daemon [_thread_blocked, id=80884, stack(0x0000005356d00000,0x0000005356e00000)]
  0x000001ecffb4a800 JavaThread "Java2D Disposer" daemon [_thread_blocked, id=19628, stack(0x0000005356e00000,0x0000005356f00000)]
  0x000001ec91ffd000 JavaThread "AWT-Windows" daemon [_thread_blocked, id=19200, stack(0x0000005357300000,0x0000005357400000)]
  0x000001ec926ea000 JavaThread "D3D Screen Updater" daemon [_thread_blocked, id=22224, stack(0x0000005358b00000,0x0000005358c00000)]
  0x000001ecffbb1000 JavaThread "AWT-Shutdown" [_thread_blocked, id=10468, stack(0x0000005358d00000,0x0000005358e00000)]
  0x000001ec91b2a800 JavaThread "AWT-EventQueue-0" [_thread_blocked, id=4108, stack(0x0000005359400000,0x0000005359500000)]
  0x000001ece9d4e000 JavaThread "DestroyJavaVM" [_thread_blocked, id=7332, stack(0x0000005355c00000,0x0000005355d00000)]
  0x000001ec91ce6000 JavaThread "TimerQueue" daemon [_thread_blocked, id=3472, stack(0x0000005359b00000,0x0000005359c00000)]
  0x000001ec9cedb800 JavaThread "Image Fetcher 0" daemon [_thread_blocked, id=11936, stack(0x0000005355900000,0x0000005355a00000)]
  0x000001ec9cedd000 JavaThread "Image Fetcher 1" daemon [_thread_blocked, id=9252, stack(0x0000005355a00000,0x0000005355b00000)]
  0x000001ec9ad13800 JavaThread "C1 CompilerThread1" daemon [_thread_blocked, id=2988, stack(0x0000005358e00000,0x0000005358f00000)]
  0x000001ec9ced9000 JavaThread "SwingWorker-pool-1-thread-1" daemon [_thread_blocked, id=16864, stack(0x0000005359a00000,0x0000005359b00000)]
  0x000001ec99e07000 JavaThread "C1 CompilerThread2" daemon [_thread_blocked, id=4752, stack(0x0000005359c00000,0x0000005359d00000)]
  0x000001ec99e06000 JavaThread "C1 CompilerThread3" daemon [_thread_blocked, id=8888, stack(0x0000005359d00000,0x0000005359e00000)]
  0x000001ec99e07800 JavaThread "C2 CompilerThread1" daemon [_thread_blocked, id=24236, stack(0x0000005355b00000,0x0000005355c00000)]
  0x000001ec99e08800 JavaThread "C2 CompilerThread2" daemon [_thread_blocked, id=17132, stack(0x0000005357400000,0x0000005357500000)]
  0x000001ec99e0a000 JavaThread "C2 CompilerThread3" daemon [_thread_blocked, id=3332, stack(0x0000005359e00000,0x0000005359f00000)]
  0x000001ec99e0b000 JavaThread "C2 CompilerThread4" daemon [_thread_blocked, id=19968, stack(0x0000005359f00000,0x000000535a000000)]
  0x000001ec9cedc000 JavaThread "Thread-3734" daemon [_thread_blocked, id=80708, stack(0x000000535a100000,0x000000535a200000)]
  0x000001ec9cede000 JavaThread "Thread-4119" daemon [_thread_blocked, id=1008, stack(0x000000535a200000,0x000000535a300000)]

Other Threads:
=>0x000001ecff819000 VMThread "VM Thread" [stack: 0x0000005356200000,0x0000005356300000] [id=2420]
  0x000001ecffb2b000 WatcherThread [stack: 0x0000005356c00000,0x0000005356d00000] [id=14804]
  0x000001ecebe00000 GCTaskThread "GC Thread#0" [stack: 0x0000005355d00000,0x0000005355e00000] [id=22300]
  0x000001ec92559800 GCTaskThread "GC Thread#1" [stack: 0x0000005356b00000,0x0000005356c00000] [id=14408]
  0x000001ec91c9f000 GCTaskThread "GC Thread#2" [stack: 0x0000005357000000,0x0000005357100000] [id=21456]
  0x000001ecff7d8000 GCTaskThread "GC Thread#3" [stack: 0x0000005357200000,0x0000005357300000] [id=22936]
  0x000001ec91b3e000 GCTaskThread "GC Thread#4" [stack: 0x0000005358900000,0x0000005358a00000] [id=23892]
  0x000001ec91b18000 GCTaskThread "GC Thread#5" [stack: 0x0000005359500000,0x0000005359600000] [id=10800]
  0x000001ec99eb1000 GCTaskThread "GC Thread#6" [stack: 0x0000005359800000,0x0000005359900000] [id=9540]
  0x000001ec9b0a7000 GCTaskThread "GC Thread#7" [stack: 0x0000005359900000,0x0000005359a00000] [id=18504]
  0x000001ec99bc7800 GCTaskThread "GC Thread#8" [stack: 0x0000005359600000,0x0000005359700000] [id=15044]
  0x000001ec99bc8800 GCTaskThread "GC Thread#9" [stack: 0x0000005359700000,0x0000005359800000] [id=19128]
  0x000001ec99bc5800 GCTaskThread "GC Thread#10" [stack: 0x000000535a300000,0x000000535a400000] [id=1084]
  0x000001ec99bc2000 GCTaskThread "GC Thread#11" [stack: 0x000000535a400000,0x000000535a500000] [id=80720]
  0x000001ecebe5d800 ConcurrentGCThread "G1 Main Marker" [stack: 0x0000005355e00000,0x0000005355f00000] [id=23028]
  0x000001ecebe60000 ConcurrentGCThread "G1 Conc#0" [stack: 0x0000005355f00000,0x0000005356000000] [id=14580]
  0x000001ecffc43800 ConcurrentGCThread "G1 Conc#1" [stack: 0x0000005358a00000,0x0000005358b00000] [id=2016]
  0x000001ec919c2800 ConcurrentGCThread "G1 Conc#2" [stack: 0x0000005358c00000,0x0000005358d00000] [id=35292]
  0x000001ecebece800 ConcurrentGCThread "G1 Refine#0" [stack: 0x0000005356000000,0x0000005356100000] [id=18488]
  0x000001ecff705000 ConcurrentGCThread "G1 Young RemSet Sampling" [stack: 0x0000005356100000,0x0000005356200000] [id=17428]

Threads with active compile tasks:
C2 CompilerThread1   175827 7877       4       com.st.microxplorer.mcu.PinoutRecombination::getSignalsOrdering (658 bytes)
C2 CompilerThread3   175827 7881   !   4       com.st.microxplorer.util.ConstraintSolver::findNext (280 bytes)

VM state:at safepoint (normal execution)

VM Mutex/Monitor currently owned by a thread:  ([mutex/lock_event])
[0x000001ece9d4ba90] Threads_lock - owner thread: 0x000001ecff819000
[0x000001ece9d4b850] Heap_lock - owner thread: 0x000001ec9cede000

Heap address: 0x000000070aa00000, size: 3926 MB, Compressed Oops mode: Zero based, Oop shift amount: 3
Narrow klass base: 0x0000000800000000, Narrow klass shift: 0
Compressed class space size: 1073741824 Address: 0x0000000800000000

Heap:
 garbage-first heap   total 365568K, used 100236K [0x000000070aa00000, 0x0000000800000000)
  region size 1024K, 11 young (11264K), 11 survivors (11264K)
 Metaspace       used 60620K, capacity 64440K, committed 64560K, reserved 1105920K
  class space    used 6742K, capacity 8482K, committed 8576K, reserved 1048576K
Heap Regions: E=young(eden), S=young(survivor), O=old, HS=humongous(starts), HC=humongous(continues), CS=collection set, F=free, A=archive, TAMS=top-at-mark-start (previous, next)
|   0|0x000000070aa00000, 0x000000070ab00000, 0x000000070ab00000|100%|HS|  |TAMS 0x000000070ab00000, 0x000000070aa00000| Complete 
|   1|0x000000070ab00000, 0x000000070ac00000, 0x000000070ac00000|100%|HC|  |TAMS 0x000000070ac00000, 0x000000070ab00000| Complete 
|   2|0x000000070ac00000, 0x000000070ad00000, 0x000000070ad00000|100%|HC|  |TAMS 0x000000070ad00000, 0x000000070ac00000| Complete 
|   3|0x000000070ad00000, 0x000000070ae00000, 0x000000070ae00000|100%|HC|  |TAMS 0x000000070ae00000, 0x000000070ad00000| Complete 
|   4|0x000000070ae00000, 0x000000070af00000, 0x000000070af00000|100%|HS|  |TAMS 0x000000070af00000, 0x000000070ae00000| Complete 
|   5|0x000000070af00000, 0x000000070b000000, 0x000000070b000000|100%| O|  |TAMS 0x000000070b000000, 0x000000070af00000| Untracked 
|   6|0x000000070b000000, 0x000000070b100000, 0x000000070b100000|100%| O|  |TAMS 0x000000070b100000, 0x000000070b000000| Untracked 
|   7|0x000000070b100000, 0x000000070b200000, 0x000000070b200000|100%| O|  |TAMS 0x000000070b200000, 0x000000070b100000| Untracked 
|   8|0x000000070b200000, 0x000000070b300000, 0x000000070b300000|100%| O|  |TAMS 0x000000070b300000, 0x000000070b200000| Untracked 
|   9|0x000000070b300000, 0x000000070b400000, 0x000000070b400000|100%| O|  |TAMS 0x000000070b400000, 0x000000070b300000| Untracked 
|  10|0x000000070b400000, 0x000000070b500000, 0x000000070b500000|100%| O|  |TAMS 0x000000070b500000, 0x000000070b400000| Untracked 
|  11|0x000000070b500000, 0x000000070b600000, 0x000000070b600000|100%|HS|  |TAMS 0x000000070b600000, 0x000000070b500000| Complete 
|  12|0x000000070b600000, 0x000000070b700000, 0x000000070b700000|100%| O|  |TAMS 0x000000070b700000, 0x000000070b600000| Untracked 
|  13|0x000000070b700000, 0x000000070b800000, 0x000000070b800000|100%| O|  |TAMS 0x000000070b800000, 0x000000070b700000| Untracked 
|  14|0x000000070b800000, 0x000000070b900000, 0x000000070b900000|100%| O|  |TAMS 0x000000070b900000, 0x000000070b800000| Untracked 
|  15|0x000000070b900000, 0x000000070ba00000, 0x000000070ba00000|100%| O|  |TAMS 0x000000070ba00000, 0x000000070b900000| Untracked 
|  16|0x000000070ba00000, 0x000000070bb00000, 0x000000070bb00000|100%| O|  |TAMS 0x000000070bb00000, 0x000000070ba00000| Untracked 
|  17|0x000000070bb00000, 0x000000070bc00000, 0x000000070bc00000|100%| O|  |TAMS 0x000000070bc00000, 0x000000070bb00000| Untracked 
|  18|0x000000070bc00000, 0x000000070bd00000, 0x000000070bd00000|100%| O|  |TAMS 0x000000070bd00000, 0x000000070bc00000| Untracked 
|  19|0x000000070bd00000, 0x000000070be00000, 0x000000070be00000|100%|HS|  |TAMS 0x000000070be00000, 0x000000070bd00000| Complete 
|  20|0x000000070be00000, 0x000000070bf00000, 0x000000070bf00000|100%|HC|  |TAMS 0x000000070bf00000, 0x000000070be00000| Complete 
|  21|0x000000070bf00000, 0x000000070c000000, 0x000000070c000000|100%| O|  |TAMS 0x000000070c000000, 0x000000070bf00000| Untracked 
|  22|0x000000070c000000, 0x000000070c100000, 0x000000070c100000|100%| O|  |TAMS 0x000000070c100000, 0x000000070c000000| Untracked 
|  23|0x000000070c100000, 0x000000070c200000, 0x000000070c200000|100%| O|  |TAMS 0x000000070c200000, 0x000000070c100000| Untracked 
|  24|0x000000070c200000, 0x000000070c300000, 0x000000070c300000|100%|HS|  |TAMS 0x000000070c300000, 0x000000070c200000| Complete 
|  25|0x000000070c300000, 0x000000070c400000, 0x000000070c400000|100%|HS|  |TAMS 0x000000070c400000, 0x000000070c300000| Complete 
|  26|0x000000070c400000, 0x000000070c500000, 0x000000070c500000|100%|HC|  |TAMS 0x000000070c500000, 0x000000070c400000| Complete 
|  27|0x000000070c500000, 0x000000070c600000, 0x000000070c600000|100%|HC|  |TAMS 0x000000070c600000, 0x000000070c500000| Complete 
|  28|0x000000070c600000, 0x000000070c700000, 0x000000070c700000|100%|HC|  |TAMS 0x000000070c700000, 0x000000070c600000| Complete 
|  29|0x000000070c700000, 0x000000070c800000, 0x000000070c800000|100%|HS|  |TAMS 0x000000070c800000, 0x000000070c700000| Complete 
|  30|0x000000070c800000, 0x000000070c900000, 0x000000070c900000|100%|HC|  |TAMS 0x000000070c900000, 0x000000070c800000| Complete 
|  31|0x000000070c900000, 0x000000070ca00000, 0x000000070ca00000|100%|HC|  |TAMS 0x000000070ca00000, 0x000000070c900000| Complete 
|  32|0x000000070ca00000, 0x000000070cb00000, 0x000000070cb00000|100%|HC|  |TAMS 0x000000070cb00000, 0x000000070ca00000| Complete 
|  33|0x000000070cb00000, 0x000000070cc00000, 0x000000070cc00000|100%|HS|  |TAMS 0x000000070cc00000, 0x000000070cb00000| Complete 
|  34|0x000000070cc00000, 0x000000070cd00000, 0x000000070cd00000|100%|HC|  |TAMS 0x000000070cd00000, 0x000000070cc00000| Complete 
|  35|0x000000070cd00000, 0x000000070ce00000, 0x000000070ce00000|100%|HC|  |TAMS 0x000000070ce00000, 0x000000070cd00000| Complete 
|  36|0x000000070ce00000, 0x000000070cf00000, 0x000000070cf00000|100%|HC|  |TAMS 0x000000070cf00000, 0x000000070ce00000| Complete 
|  37|0x000000070cf00000, 0x000000070d000000, 0x000000070d000000|100%|HS|  |TAMS 0x000000070d000000, 0x000000070cf00000| Complete 
|  38|0x000000070d000000, 0x000000070d100000, 0x000000070d100000|100%|HC|  |TAMS 0x000000070d100000, 0x000000070d000000| Complete 
|  39|0x000000070d100000, 0x000000070d200000, 0x000000070d200000|100%|HC|  |TAMS 0x000000070d200000, 0x000000070d100000| Complete 
|  40|0x000000070d200000, 0x000000070d300000, 0x000000070d300000|100%|HC|  |TAMS 0x000000070d300000, 0x000000070d200000| Complete 
|  41|0x000000070d300000, 0x000000070d400000, 0x000000070d400000|100%|HS|  |TAMS 0x000000070d400000, 0x000000070d300000| Complete 
|  42|0x000000070d400000, 0x000000070d500000, 0x000000070d500000|100%|HC|  |TAMS 0x000000070d500000, 0x000000070d400000| Complete 
|  43|0x000000070d500000, 0x000000070d600000, 0x000000070d600000|100%|HC|  |TAMS 0x000000070d600000, 0x000000070d500000| Complete 
|  44|0x000000070d600000, 0x000000070d700000, 0x000000070d700000|100%|HC|  |TAMS 0x000000070d700000, 0x000000070d600000| Complete 
|  45|0x000000070d700000, 0x000000070d800000, 0x000000070d800000|100%|HS|  |TAMS 0x000000070d800000, 0x000000070d700000| Complete 
|  46|0x000000070d800000, 0x000000070d900000, 0x000000070d900000|100%|HC|  |TAMS 0x000000070d900000, 0x000000070d800000| Complete 
|  47|0x000000070d900000, 0x000000070da00000, 0x000000070da00000|100%|HC|  |TAMS 0x000000070da00000, 0x000000070d900000| Complete 
|  48|0x000000070da00000, 0x000000070db00000, 0x000000070db00000|100%|HC|  |TAMS 0x000000070db00000, 0x000000070da00000| Complete 
|  49|0x000000070db00000, 0x000000070dc00000, 0x000000070dc00000|100%|HS|  |TAMS 0x000000070dc00000, 0x000000070db00000| Complete 
|  50|0x000000070dc00000, 0x000000070dd00000, 0x000000070dd00000|100%|HC|  |TAMS 0x000000070dd00000, 0x000000070dc00000| Complete 
|  51|0x000000070dd00000, 0x000000070de00000, 0x000000070de00000|100%|HC|  |TAMS 0x000000070de00000, 0x000000070dd00000| Complete 
|  52|0x000000070de00000, 0x000000070df00000, 0x000000070df00000|100%|HC|  |TAMS 0x000000070df00000, 0x000000070de00000| Complete 
|  53|0x000000070df00000, 0x000000070e000000, 0x000000070e000000|100%|HS|  |TAMS 0x000000070e000000, 0x000000070df00000| Complete 
|  54|0x000000070e000000, 0x000000070e100000, 0x000000070e100000|100%|HC|  |TAMS 0x000000070e100000, 0x000000070e000000| Complete 
|  55|0x000000070e100000, 0x000000070e200000, 0x000000070e200000|100%|HC|  |TAMS 0x000000070e200000, 0x000000070e100000| Complete 
|  56|0x000000070e200000, 0x000000070e300000, 0x000000070e300000|100%|HC|  |TAMS 0x000000070e300000, 0x000000070e200000| Complete 
|  57|0x000000070e300000, 0x000000070e400000, 0x000000070e400000|100%|HS|  |TAMS 0x000000070e400000, 0x000000070e300000| Complete 
|  58|0x000000070e400000, 0x000000070e500000, 0x000000070e500000|100%|HC|  |TAMS 0x000000070e500000, 0x000000070e400000| Complete 
|  59|0x000000070e500000, 0x000000070e600000, 0x000000070e600000|100%|HC|  |TAMS 0x000000070e600000, 0x000000070e500000| Complete 
|  60|0x000000070e600000, 0x000000070e700000, 0x000000070e700000|100%|HC|  |TAMS 0x000000070e700000, 0x000000070e600000| Complete 
|  61|0x000000070e700000, 0x000000070e800000, 0x000000070e800000|100%|HS|  |TAMS 0x000000070e800000, 0x000000070e700000| Complete 
|  62|0x000000070e800000, 0x000000070e900000, 0x000000070e900000|100%|HC|  |TAMS 0x000000070e900000, 0x000000070e800000| Complete 
|  63|0x000000070e900000, 0x000000070ea00000, 0x000000070ea00000|100%|HC|  |TAMS 0x000000070ea00000, 0x000000070e900000| Complete 
|  64|0x000000070ea00000, 0x000000070eb00000, 0x000000070eb00000|100%|HC|  |TAMS 0x000000070eb00000, 0x000000070ea00000| Complete 
|  65|0x000000070eb00000, 0x000000070ec00000, 0x000000070ec00000|100%| O|  |TAMS 0x000000070eb00000, 0x000000070eb00000| Untracked 
|  66|0x000000070ec00000, 0x000000070ed00000, 0x000000070ed00000|100%| O|  |TAMS 0x000000070ec00000, 0x000000070ec00000| Untracked 
|  67|0x000000070ed00000, 0x000000070ee00000, 0x000000070ee00000|100%| O|  |TAMS 0x000000070ed00000, 0x000000070ed00000| Untracked 
|  68|0x000000070ee00000, 0x000000070ef00000, 0x000000070ef00000|100%| O|  |TAMS 0x000000070ef00000, 0x000000070ee00000| Untracked 
|  69|0x000000070ef00000, 0x000000070f000000, 0x000000070f000000|100%| O|  |TAMS 0x000000070f000000, 0x000000070ef00000| Untracked 
|  70|0x000000070f000000, 0x000000070f100000, 0x000000070f100000|100%| O|  |TAMS 0x000000070f0fee00, 0x000000070f000000| Untracked 
|  71|0x000000070f100000, 0x000000070f200000, 0x000000070f200000|100%| O|  |TAMS 0x000000070f100000, 0x000000070f100000| Untracked 
|  72|0x000000070f200000, 0x000000070f300000, 0x000000070f300000|100%| O|  |TAMS 0x000000070f200000, 0x000000070f200000| Untracked 
|  73|0x000000070f300000, 0x000000070f400000, 0x000000070f400000|100%| O|  |TAMS 0x000000070f300000, 0x000000070f300000| Untracked 
|  74|0x000000070f400000, 0x000000070f500000, 0x000000070f500000|100%| O|  |TAMS 0x000000070f400000, 0x000000070f400000| Untracked 
|  75|0x000000070f500000, 0x000000070f600000, 0x000000070f600000|100%| O|  |TAMS 0x000000070f500000, 0x000000070f500000| Untracked 
|  76|0x000000070f600000, 0x000000070f700000, 0x000000070f700000|100%| O|  |TAMS 0x000000070f600000, 0x000000070f600000| Untracked 
|  77|0x000000070f700000, 0x000000070f800000, 0x000000070f800000|100%| O|  |TAMS 0x000000070f700000, 0x000000070f700000| Untracked 
|  78|0x000000070f800000, 0x000000070f900000, 0x000000070f900000|100%| O|  |TAMS 0x000000070f800000, 0x000000070f800000| Untracked 
|  79|0x000000070f900000, 0x000000070fa00000, 0x000000070fa00000|100%| O|  |TAMS 0x000000070f900000, 0x000000070f900000| Untracked 
|  80|0x000000070fa00000, 0x000000070fb00000, 0x000000070fb00000|100%| O|  |TAMS 0x000000070fa00000, 0x000000070fa00000| Untracked 
|  81|0x000000070fb00000, 0x000000070fc00000, 0x000000070fc00000|100%| O|  |TAMS 0x000000070fb00000, 0x000000070fb00000| Untracked 
|  82|0x000000070fc00000, 0x000000070fd00000, 0x000000070fd00000|100%| O|  |TAMS 0x000000070fc00000, 0x000000070fc00000| Untracked 
|  83|0x000000070fd00000, 0x000000070fe00000, 0x000000070fe00000|100%| O|  |TAMS 0x000000070fd00000, 0x000000070fd00000| Untracked 
|  84|0x000000070fe00000, 0x000000070ff00000, 0x000000070ff00000|100%| O|  |TAMS 0x000000070fe00000, 0x000000070fe00000| Untracked 
|  85|0x000000070ff00000, 0x0000000710000000, 0x0000000710000000|100%| O|  |TAMS 0x000000070ff00000, 0x000000070ff00000| Untracked 
|  86|0x0000000710000000, 0x0000000710100000, 0x0000000710100000|100%| O|  |TAMS 0x0000000710000000, 0x0000000710000000| Untracked 
|  87|0x0000000710100000, 0x000000071014f000, 0x0000000710200000| 30%| O|  |TAMS 0x0000000710100000, 0x0000000710100000| Untracked 
|  88|0x0000000710200000, 0x0000000710200000, 0x0000000710300000|  0%| F|  |TAMS 0x0000000710200000, 0x0000000710200000| Untracked 
|  89|0x0000000710300000, 0x0000000710300000, 0x0000000710400000|  0%| F|  |TAMS 0x0000000710300000, 0x0000000710300000| Untracked 
|  90|0x0000000710400000, 0x0000000710400000, 0x0000000710500000|  0%| F|  |TAMS 0x0000000710400000, 0x0000000710400000| Untracked 
|  91|0x0000000710500000, 0x0000000710500000, 0x0000000710600000|  0%| F|  |TAMS 0x0000000710500000, 0x0000000710500000| Untracked 
|  92|0x0000000710600000, 0x0000000710600000, 0x0000000710700000|  0%| F|  |TAMS 0x0000000710600000, 0x0000000710600000| Untracked 
|  93|0x0000000710700000, 0x0000000710700000, 0x0000000710800000|  0%| F|  |TAMS 0x0000000710700000, 0x0000000710700000| Untracked 
|  94|0x0000000710800000, 0x0000000710800000, 0x0000000710900000|  0%| F|  |TAMS 0x0000000710800000, 0x0000000710800000| Untracked 
|  95|0x0000000710900000, 0x0000000710900000, 0x0000000710a00000|  0%| F|  |TAMS 0x0000000710900000, 0x0000000710900000| Untracked 
|  96|0x0000000710a00000, 0x0000000710a00000, 0x0000000710b00000|  0%| F|  |TAMS 0x0000000710a00000, 0x0000000710a00000| Untracked 
|  97|0x0000000710b00000, 0x0000000710b00000, 0x0000000710c00000|  0%| F|  |TAMS 0x0000000710b00000, 0x0000000710b00000| Untracked 
|  98|0x0000000710c00000, 0x0000000710c00000, 0x0000000710d00000|  0%| F|  |TAMS 0x0000000710c00000, 0x0000000710c00000| Untracked 
|  99|0x0000000710d00000, 0x0000000710d00000, 0x0000000710e00000|  0%| F|  |TAMS 0x0000000710d00000, 0x0000000710d00000| Untracked 
| 100|0x0000000710e00000, 0x0000000710e00000, 0x0000000710f00000|  0%| F|  |TAMS 0x0000000710e00000, 0x0000000710e00000| Untracked 
| 101|0x0000000710f00000, 0x0000000710f00000, 0x0000000711000000|  0%| F|  |TAMS 0x0000000710f00000, 0x0000000710f00000| Untracked 
| 102|0x0000000711000000, 0x0000000711000000, 0x0000000711100000|  0%| F|  |TAMS 0x0000000711000000, 0x0000000711000000| Untracked 
| 103|0x0000000711100000, 0x0000000711100000, 0x0000000711200000|  0%| F|  |TAMS 0x0000000711100000, 0x0000000711100000| Untracked 
| 104|0x0000000711200000, 0x0000000711200000, 0x0000000711300000|  0%| F|  |TAMS 0x0000000711200000, 0x0000000711200000| Untracked 
| 105|0x0000000711300000, 0x0000000711300000, 0x0000000711400000|  0%| F|  |TAMS 0x0000000711300000, 0x0000000711300000| Untracked 
| 106|0x0000000711400000, 0x0000000711400000, 0x0000000711500000|  0%| F|  |TAMS 0x0000000711400000, 0x0000000711400000| Untracked 
| 107|0x0000000711500000, 0x0000000711500000, 0x0000000711600000|  0%| F|  |TAMS 0x0000000711500000, 0x0000000711500000| Untracked 
| 108|0x0000000711600000, 0x0000000711600000, 0x0000000711700000|  0%| F|  |TAMS 0x0000000711600000, 0x0000000711600000| Untracked 
| 109|0x0000000711700000, 0x0000000711700000, 0x0000000711800000|  0%| F|  |TAMS 0x0000000711700000, 0x0000000711700000| Untracked 
| 110|0x0000000711800000, 0x0000000711800000, 0x0000000711900000|  0%| F|  |TAMS 0x0000000711800000, 0x0000000711800000| Untracked 
| 111|0x0000000711900000, 0x0000000711900000, 0x0000000711a00000|  0%| F|  |TAMS 0x0000000711900000, 0x0000000711900000| Untracked 
| 112|0x0000000711a00000, 0x0000000711a00000, 0x0000000711b00000|  0%| F|  |TAMS 0x0000000711a00000, 0x0000000711a00000| Untracked 
| 113|0x0000000711b00000, 0x0000000711b00000, 0x0000000711c00000|  0%| F|  |TAMS 0x0000000711b00000, 0x0000000711b00000| Untracked 
| 114|0x0000000711c00000, 0x0000000711c00000, 0x0000000711d00000|  0%| F|  |TAMS 0x0000000711c00000, 0x0000000711c00000| Untracked 
| 115|0x0000000711d00000, 0x0000000711d00000, 0x0000000711e00000|  0%| F|  |TAMS 0x0000000711d00000, 0x0000000711d00000| Untracked 
| 116|0x0000000711e00000, 0x0000000711e00000, 0x0000000711f00000|  0%| F|  |TAMS 0x0000000711e00000, 0x0000000711e00000| Untracked 
| 117|0x0000000711f00000, 0x0000000711f00000, 0x0000000712000000|  0%| F|  |TAMS 0x0000000711f00000, 0x0000000711f00000| Untracked 
| 118|0x0000000712000000, 0x0000000712094000, 0x0000000712100000| 57%| S|CS|TAMS 0x0000000712000000, 0x0000000712000000| Complete 
| 119|0x0000000712100000, 0x0000000712200000, 0x0000000712200000|100%| S|CS|TAMS 0x0000000712100000, 0x0000000712100000| Complete 
| 120|0x0000000712200000, 0x0000000712300000, 0x0000000712300000|100%| S|CS|TAMS 0x0000000712200000, 0x0000000712200000| Complete 
| 121|0x0000000712300000, 0x0000000712400000, 0x0000000712400000|100%| S|CS|TAMS 0x0000000712300000, 0x0000000712300000| Complete 
| 122|0x0000000712400000, 0x0000000712500000, 0x0000000712500000|100%| S|CS|TAMS 0x0000000712400000, 0x0000000712400000| Complete 
| 123|0x0000000712500000, 0x0000000712600000, 0x0000000712600000|100%| S|CS|TAMS 0x0000000712500000, 0x0000000712500000| Complete 
| 124|0x0000000712600000, 0x0000000712700000, 0x0000000712700000|100%| S|CS|TAMS 0x0000000712600000, 0x0000000712600000| Complete 
| 125|0x0000000712700000, 0x0000000712800000, 0x0000000712800000|100%| S|CS|TAMS 0x0000000712700000, 0x0000000712700000| Complete 
| 126|0x0000000712800000, 0x0000000712900000, 0x0000000712900000|100%| S|CS|TAMS 0x0000000712800000, 0x0000000712800000| Complete 
| 127|0x0000000712900000, 0x0000000712a00000, 0x0000000712a00000|100%| S|CS|TAMS 0x0000000712900000, 0x0000000712900000| Complete 
| 128|0x0000000712a00000, 0x0000000712b00000, 0x0000000712b00000|100%| S|CS|TAMS 0x0000000712a00000, 0x0000000712a00000| Complete 
| 129|0x0000000712b00000, 0x0000000712b00000, 0x0000000712c00000|  0%| F|  |TAMS 0x0000000712b00000, 0x0000000712b00000| Untracked 
| 130|0x0000000712c00000, 0x0000000712c00000, 0x0000000712d00000|  0%| F|  |TAMS 0x0000000712c00000, 0x0000000712c00000| Untracked 
| 131|0x0000000712d00000, 0x0000000712d00000, 0x0000000712e00000|  0%| F|  |TAMS 0x0000000712d00000, 0x0000000712d00000| Untracked 
| 132|0x0000000712e00000, 0x0000000712e00000, 0x0000000712f00000|  0%| F|  |TAMS 0x0000000712e00000, 0x0000000712e00000| Untracked 
| 133|0x0000000712f00000, 0x0000000712f00000, 0x0000000713000000|  0%| F|  |TAMS 0x0000000712f00000, 0x0000000712f00000| Untracked 
| 134|0x0000000713000000, 0x0000000713000000, 0x0000000713100000|  0%| F|  |TAMS 0x0000000713000000, 0x0000000713000000| Untracked 
| 135|0x0000000713100000, 0x0000000713100000, 0x0000000713200000|  0%| F|  |TAMS 0x0000000713100000, 0x0000000713100000| Untracked 
| 136|0x0000000713200000, 0x0000000713200000, 0x0000000713300000|  0%| F|  |TAMS 0x0000000713200000, 0x0000000713200000| Untracked 
| 137|0x0000000713300000, 0x0000000713300000, 0x0000000713400000|  0%| F|  |TAMS 0x0000000713300000, 0x0000000713300000| Untracked 
| 138|0x0000000713400000, 0x0000000713400000, 0x0000000713500000|  0%| F|  |TAMS 0x0000000713400000, 0x0000000713400000| Untracked 
| 139|0x0000000713500000, 0x0000000713500000, 0x0000000713600000|  0%| F|  |TAMS 0x0000000713500000, 0x0000000713500000| Untracked 
| 140|0x0000000713600000, 0x0000000713600000, 0x0000000713700000|  0%| F|  |TAMS 0x0000000713600000, 0x0000000713600000| Untracked 
| 141|0x0000000713700000, 0x0000000713700000, 0x0000000713800000|  0%| F|  |TAMS 0x0000000713700000, 0x0000000713700000| Untracked 
| 142|0x0000000713800000, 0x0000000713800000, 0x0000000713900000|  0%| F|  |TAMS 0x0000000713800000, 0x0000000713800000| Untracked 
| 143|0x0000000713900000, 0x0000000713900000, 0x0000000713a00000|  0%| F|  |TAMS 0x0000000713900000, 0x0000000713900000| Untracked 
| 144|0x0000000713a00000, 0x0000000713a00000, 0x0000000713b00000|  0%| F|  |TAMS 0x0000000713a00000, 0x0000000713a00000| Untracked 
| 145|0x0000000713b00000, 0x0000000713b00000, 0x0000000713c00000|  0%| F|  |TAMS 0x0000000713b00000, 0x0000000713b00000| Untracked 
| 146|0x0000000713c00000, 0x0000000713c00000, 0x0000000713d00000|  0%| F|  |TAMS 0x0000000713c00000, 0x0000000713c00000| Untracked 
| 147|0x0000000713d00000, 0x0000000713d00000, 0x0000000713e00000|  0%| F|  |TAMS 0x0000000713d00000, 0x0000000713d00000| Untracked 
| 148|0x0000000713e00000, 0x0000000713e00000, 0x0000000713f00000|  0%| F|  |TAMS 0x0000000713e00000, 0x0000000713e00000| Untracked 
| 149|0x0000000713f00000, 0x0000000713f00000, 0x0000000714000000|  0%| F|  |TAMS 0x0000000713f00000, 0x0000000713f00000| Untracked 
| 150|0x0000000714000000, 0x0000000714000000, 0x0000000714100000|  0%| F|  |TAMS 0x0000000714000000, 0x0000000714000000| Untracked 
| 151|0x0000000714100000, 0x0000000714100000, 0x0000000714200000|  0%| F|  |TAMS 0x0000000714100000, 0x0000000714100000| Untracked 
| 152|0x0000000714200000, 0x0000000714200000, 0x0000000714300000|  0%| F|  |TAMS 0x0000000714200000, 0x0000000714200000| Untracked 
| 153|0x0000000714300000, 0x0000000714300000, 0x0000000714400000|  0%| F|  |TAMS 0x0000000714300000, 0x0000000714300000| Untracked 
| 154|0x0000000714400000, 0x0000000714400000, 0x0000000714500000|  0%| F|  |TAMS 0x0000000714400000, 0x0000000714400000| Untracked 
| 155|0x0000000714500000, 0x0000000714500000, 0x0000000714600000|  0%| F|  |TAMS 0x0000000714500000, 0x0000000714500000| Untracked 
| 156|0x0000000714600000, 0x0000000714600000, 0x0000000714700000|  0%| F|  |TAMS 0x0000000714600000, 0x0000000714600000| Untracked 
| 157|0x0000000714700000, 0x0000000714700000, 0x0000000714800000|  0%| F|  |TAMS 0x0000000714700000, 0x0000000714700000| Untracked 
| 158|0x0000000714800000, 0x0000000714800000, 0x0000000714900000|  0%| F|  |TAMS 0x0000000714800000, 0x0000000714800000| Untracked 
| 159|0x0000000714900000, 0x0000000714900000, 0x0000000714a00000|  0%| F|  |TAMS 0x0000000714900000, 0x0000000714900000| Untracked 
| 160|0x0000000714a00000, 0x0000000714a00000, 0x0000000714b00000|  0%| F|  |TAMS 0x0000000714a00000, 0x0000000714a00000| Untracked 
| 161|0x0000000714b00000, 0x0000000714b00000, 0x0000000714c00000|  0%| F|  |TAMS 0x0000000714b00000, 0x0000000714b00000| Untracked 
| 162|0x0000000714c00000, 0x0000000714c00000, 0x0000000714d00000|  0%| F|  |TAMS 0x0000000714c00000, 0x0000000714c00000| Untracked 
| 163|0x0000000714d00000, 0x0000000714d00000, 0x0000000714e00000|  0%| F|  |TAMS 0x0000000714d00000, 0x0000000714d00000| Untracked 
| 164|0x0000000714e00000, 0x0000000714e00000, 0x0000000714f00000|  0%| F|  |TAMS 0x0000000714e00000, 0x0000000714e00000| Untracked 
| 165|0x0000000714f00000, 0x0000000714f00000, 0x0000000715000000|  0%| F|  |TAMS 0x0000000714f00000, 0x0000000714f00000| Untracked 
| 166|0x0000000715000000, 0x0000000715000000, 0x0000000715100000|  0%| F|  |TAMS 0x0000000715000000, 0x0000000715000000| Untracked 
| 167|0x0000000715100000, 0x0000000715100000, 0x0000000715200000|  0%| F|  |TAMS 0x0000000715100000, 0x0000000715100000| Untracked 
| 168|0x0000000715200000, 0x0000000715200000, 0x0000000715300000|  0%| F|  |TAMS 0x0000000715200000, 0x0000000715200000| Untracked 
| 169|0x0000000715300000, 0x0000000715300000, 0x0000000715400000|  0%| F|  |TAMS 0x0000000715300000, 0x0000000715300000| Untracked 
| 170|0x0000000715400000, 0x0000000715400000, 0x0000000715500000|  0%| F|  |TAMS 0x0000000715400000, 0x0000000715400000| Untracked 
| 171|0x0000000715500000, 0x0000000715500000, 0x0000000715600000|  0%| F|  |TAMS 0x0000000715500000, 0x0000000715500000| Untracked 
| 172|0x0000000715600000, 0x0000000715600000, 0x0000000715700000|  0%| F|  |TAMS 0x0000000715600000, 0x0000000715600000| Untracked 
| 173|0x0000000715700000, 0x0000000715700000, 0x0000000715800000|  0%| F|  |TAMS 0x0000000715700000, 0x0000000715700000| Untracked 
| 174|0x0000000715800000, 0x0000000715800000, 0x0000000715900000|  0%| F|  |TAMS 0x0000000715800000, 0x0000000715800000| Untracked 
| 175|0x0000000715900000, 0x0000000715900000, 0x0000000715a00000|  0%| F|  |TAMS 0x0000000715900000, 0x0000000715900000| Untracked 
| 176|0x0000000715a00000, 0x0000000715a00000, 0x0000000715b00000|  0%| F|  |TAMS 0x0000000715a00000, 0x0000000715a00000| Untracked 
| 177|0x0000000715b00000, 0x0000000715b00000, 0x0000000715c00000|  0%| F|  |TAMS 0x0000000715b00000, 0x0000000715b00000| Untracked 
| 178|0x0000000715c00000, 0x0000000715c00000, 0x0000000715d00000|  0%| F|  |TAMS 0x0000000715c00000, 0x0000000715c00000| Untracked 
| 179|0x0000000715d00000, 0x0000000715d00000, 0x0000000715e00000|  0%| F|  |TAMS 0x0000000715d00000, 0x0000000715d00000| Untracked 
| 180|0x0000000715e00000, 0x0000000715e00000, 0x0000000715f00000|  0%| F|  |TAMS 0x0000000715e00000, 0x0000000715e00000| Untracked 
| 181|0x0000000715f00000, 0x0000000715f00000, 0x0000000716000000|  0%| F|  |TAMS 0x0000000715f00000, 0x0000000715f00000| Untracked 
| 182|0x0000000716000000, 0x0000000716000000, 0x0000000716100000|  0%| F|  |TAMS 0x0000000716000000, 0x0000000716000000| Untracked 
| 183|0x0000000716100000, 0x0000000716100000, 0x0000000716200000|  0%| F|  |TAMS 0x0000000716100000, 0x0000000716100000| Untracked 
| 184|0x0000000716200000, 0x0000000716200000, 0x0000000716300000|  0%| F|  |TAMS 0x0000000716200000, 0x0000000716200000| Untracked 
| 185|0x0000000716300000, 0x0000000716300000, 0x0000000716400000|  0%| F|  |TAMS 0x0000000716300000, 0x0000000716300000| Untracked 
| 186|0x0000000716400000, 0x0000000716400000, 0x0000000716500000|  0%| F|  |TAMS 0x0000000716400000, 0x0000000716400000| Untracked 
| 187|0x0000000716500000, 0x0000000716500000, 0x0000000716600000|  0%| F|  |TAMS 0x0000000716500000, 0x0000000716500000| Untracked 
| 188|0x0000000716600000, 0x0000000716600000, 0x0000000716700000|  0%| F|  |TAMS 0x0000000716600000, 0x0000000716600000| Untracked 
| 189|0x0000000716700000, 0x0000000716700000, 0x0000000716800000|  0%| F|  |TAMS 0x0000000716700000, 0x0000000716700000| Untracked 
| 190|0x0000000716800000, 0x0000000716800000, 0x0000000716900000|  0%| F|  |TAMS 0x0000000716800000, 0x0000000716800000| Untracked 
| 191|0x0000000716900000, 0x0000000716900000, 0x0000000716a00000|  0%| F|  |TAMS 0x0000000716900000, 0x0000000716900000| Untracked 
| 192|0x0000000716a00000, 0x0000000716a00000, 0x0000000716b00000|  0%| F|  |TAMS 0x0000000716a00000, 0x0000000716a00000| Untracked 
| 193|0x0000000716b00000, 0x0000000716b00000, 0x0000000716c00000|  0%| F|  |TAMS 0x0000000716b00000, 0x0000000716b00000| Untracked 
| 194|0x0000000716c00000, 0x0000000716c00000, 0x0000000716d00000|  0%| F|  |TAMS 0x0000000716c00000, 0x0000000716c00000| Untracked 
| 195|0x0000000716d00000, 0x0000000716d00000, 0x0000000716e00000|  0%| F|  |TAMS 0x0000000716d00000, 0x0000000716d00000| Untracked 
| 196|0x0000000716e00000, 0x0000000716e00000, 0x0000000716f00000|  0%| F|  |TAMS 0x0000000716e00000, 0x0000000716e00000| Untracked 
| 197|0x0000000716f00000, 0x0000000716f00000, 0x0000000717000000|  0%| F|  |TAMS 0x0000000716f00000, 0x0000000716f00000| Untracked 
| 198|0x0000000717000000, 0x0000000717000000, 0x0000000717100000|  0%| F|  |TAMS 0x0000000717000000, 0x0000000717000000| Untracked 
| 199|0x0000000717100000, 0x0000000717100000, 0x0000000717200000|  0%| F|  |TAMS 0x0000000717100000, 0x0000000717100000| Untracked 
| 200|0x0000000717200000, 0x0000000717200000, 0x0000000717300000|  0%| F|  |TAMS 0x0000000717200000, 0x0000000717200000| Untracked 
| 201|0x0000000717300000, 0x0000000717300000, 0x0000000717400000|  0%| F|  |TAMS 0x0000000717300000, 0x0000000717300000| Untracked 
| 202|0x0000000717400000, 0x0000000717400000, 0x0000000717500000|  0%| F|  |TAMS 0x0000000717400000, 0x0000000717400000| Untracked 
| 203|0x0000000717500000, 0x0000000717500000, 0x0000000717600000|  0%| F|  |TAMS 0x0000000717500000, 0x0000000717500000| Untracked 
| 204|0x0000000717600000, 0x0000000717600000, 0x0000000717700000|  0%| F|  |TAMS 0x0000000717600000, 0x0000000717600000| Untracked 
| 205|0x0000000717700000, 0x0000000717700000, 0x0000000717800000|  0%| F|  |TAMS 0x0000000717700000, 0x0000000717700000| Untracked 
| 206|0x0000000717800000, 0x0000000717800000, 0x0000000717900000|  0%| F|  |TAMS 0x0000000717800000, 0x0000000717800000| Untracked 
| 207|0x0000000717900000, 0x0000000717900000, 0x0000000717a00000|  0%| F|  |TAMS 0x0000000717900000, 0x0000000717900000| Untracked 
| 208|0x0000000717a00000, 0x0000000717a00000, 0x0000000717b00000|  0%| F|  |TAMS 0x0000000717a00000, 0x0000000717a00000| Untracked 
| 209|0x0000000717b00000, 0x0000000717b00000, 0x0000000717c00000|  0%| F|  |TAMS 0x0000000717b00000, 0x0000000717b00000| Untracked 
| 210|0x0000000717c00000, 0x0000000717c00000, 0x0000000717d00000|  0%| F|  |TAMS 0x0000000717c00000, 0x0000000717c00000| Untracked 
| 211|0x0000000717d00000, 0x0000000717d00000, 0x0000000717e00000|  0%| F|  |TAMS 0x0000000717d00000, 0x0000000717d00000| Untracked 
| 212|0x0000000717e00000, 0x0000000717e00000, 0x0000000717f00000|  0%| F|  |TAMS 0x0000000717e00000, 0x0000000717e00000| Untracked 
| 213|0x0000000717f00000, 0x0000000717f00000, 0x0000000718000000|  0%| F|  |TAMS 0x0000000717f00000, 0x0000000717f00000| Untracked 
| 214|0x0000000718000000, 0x0000000718000000, 0x0000000718100000|  0%| F|  |TAMS 0x0000000718000000, 0x0000000718000000| Untracked 
| 215|0x0000000718100000, 0x0000000718100000, 0x0000000718200000|  0%| F|  |TAMS 0x0000000718100000, 0x0000000718100000| Untracked 
| 216|0x0000000718200000, 0x0000000718200000, 0x0000000718300000|  0%| F|  |TAMS 0x0000000718200000, 0x0000000718200000| Untracked 
| 217|0x0000000718300000, 0x0000000718300000, 0x0000000718400000|  0%| F|  |TAMS 0x0000000718300000, 0x0000000718300000| Untracked 
| 218|0x0000000718400000, 0x0000000718400000, 0x0000000718500000|  0%| F|  |TAMS 0x0000000718400000, 0x0000000718400000| Untracked 
| 219|0x0000000718500000, 0x0000000718500000, 0x0000000718600000|  0%| F|  |TAMS 0x0000000718500000, 0x0000000718500000| Untracked 
| 220|0x0000000718600000, 0x0000000718600000, 0x0000000718700000|  0%| F|  |TAMS 0x0000000718600000, 0x0000000718600000| Untracked 
| 221|0x0000000718700000, 0x0000000718700000, 0x0000000718800000|  0%| F|  |TAMS 0x0000000718700000, 0x0000000718700000| Untracked 
| 222|0x0000000718800000, 0x0000000718800000, 0x0000000718900000|  0%| F|  |TAMS 0x0000000718800000, 0x0000000718800000| Untracked 
| 223|0x0000000718900000, 0x0000000718900000, 0x0000000718a00000|  0%| F|  |TAMS 0x0000000718900000, 0x0000000718900000| Untracked 
| 224|0x0000000718a00000, 0x0000000718a00000, 0x0000000718b00000|  0%| F|  |TAMS 0x0000000718a00000, 0x0000000718a00000| Untracked 
| 225|0x0000000718b00000, 0x0000000718b00000, 0x0000000718c00000|  0%| F|  |TAMS 0x0000000718b00000, 0x0000000718b00000| Untracked 
| 226|0x0000000718c00000, 0x0000000718c00000, 0x0000000718d00000|  0%| F|  |TAMS 0x0000000718c00000, 0x0000000718c00000| Untracked 
| 227|0x0000000718d00000, 0x0000000718d00000, 0x0000000718e00000|  0%| F|  |TAMS 0x0000000718d00000, 0x0000000718d00000| Untracked 
| 228|0x0000000718e00000, 0x0000000718e00000, 0x0000000718f00000|  0%| F|  |TAMS 0x0000000718e00000, 0x0000000718e00000| Untracked 
| 229|0x0000000718f00000, 0x0000000718f00000, 0x0000000719000000|  0%| F|  |TAMS 0x0000000718f00000, 0x0000000718f00000| Untracked 
| 230|0x0000000719000000, 0x0000000719000000, 0x0000000719100000|  0%| F|  |TAMS 0x0000000719000000, 0x0000000719000000| Untracked 
| 231|0x0000000719100000, 0x0000000719100000, 0x0000000719200000|  0%| F|  |TAMS 0x0000000719100000, 0x0000000719100000| Untracked 
| 232|0x0000000719200000, 0x0000000719200000, 0x0000000719300000|  0%| F|  |TAMS 0x0000000719200000, 0x0000000719200000| Untracked 
| 233|0x0000000719300000, 0x0000000719300000, 0x0000000719400000|  0%| F|  |TAMS 0x0000000719300000, 0x0000000719300000| Untracked 
| 234|0x0000000719400000, 0x0000000719400000, 0x0000000719500000|  0%| F|  |TAMS 0x0000000719400000, 0x0000000719400000| Untracked 
| 235|0x0000000719500000, 0x0000000719500000, 0x0000000719600000|  0%| F|  |TAMS 0x0000000719500000, 0x0000000719500000| Untracked 
| 236|0x0000000719600000, 0x0000000719600000, 0x0000000719700000|  0%| F|  |TAMS 0x0000000719600000, 0x0000000719600000| Untracked 
| 237|0x0000000719700000, 0x0000000719700000, 0x0000000719800000|  0%| F|  |TAMS 0x0000000719700000, 0x0000000719700000| Untracked 
| 238|0x0000000719800000, 0x0000000719800000, 0x0000000719900000|  0%| F|  |TAMS 0x0000000719800000, 0x0000000719800000| Untracked 
| 239|0x0000000719900000, 0x0000000719900000, 0x0000000719a00000|  0%| F|  |TAMS 0x0000000719900000, 0x0000000719900000| Untracked 
| 240|0x0000000719a00000, 0x0000000719a00000, 0x0000000719b00000|  0%| F|  |TAMS 0x0000000719a00000, 0x0000000719a00000| Untracked 
| 241|0x0000000719b00000, 0x0000000719b00000, 0x0000000719c00000|  0%| F|  |TAMS 0x0000000719b00000, 0x0000000719b00000| Untracked 
| 242|0x0000000719c00000, 0x0000000719c00000, 0x0000000719d00000|  0%| F|  |TAMS 0x0000000719c00000, 0x0000000719c00000| Untracked 
| 243|0x0000000719d00000, 0x0000000719d00000, 0x0000000719e00000|  0%| F|  |TAMS 0x0000000719d00000, 0x0000000719d00000| Untracked 
| 244|0x0000000719e00000, 0x0000000719e00000, 0x0000000719f00000|  0%| F|  |TAMS 0x0000000719e00000, 0x0000000719e00000| Untracked 
| 245|0x0000000719f00000, 0x0000000719f00000, 0x000000071a000000|  0%| F|  |TAMS 0x0000000719f00000, 0x0000000719f00000| Untracked 
| 246|0x000000071a000000, 0x000000071a000000, 0x000000071a100000|  0%| F|  |TAMS 0x000000071a000000, 0x000000071a000000| Untracked 
| 247|0x000000071a100000, 0x000000071a100000, 0x000000071a200000|  0%| F|  |TAMS 0x000000071a100000, 0x000000071a100000| Untracked 
| 248|0x000000071a200000, 0x000000071a200000, 0x000000071a300000|  0%| F|  |TAMS 0x000000071a200000, 0x000000071a200000| Untracked 
| 249|0x000000071a300000, 0x000000071a300000, 0x000000071a400000|  0%| F|  |TAMS 0x000000071a300000, 0x000000071a300000| Untracked 
| 250|0x000000071a400000, 0x000000071a400000, 0x000000071a500000|  0%| F|  |TAMS 0x000000071a400000, 0x000000071a400000| Untracked 
| 251|0x000000071a500000, 0x000000071a500000, 0x000000071a600000|  0%| F|  |TAMS 0x000000071a500000, 0x000000071a500000| Untracked 
| 252|0x000000071a600000, 0x000000071a600000, 0x000000071a700000|  0%| F|  |TAMS 0x000000071a600000, 0x000000071a600000| Untracked 
| 253|0x000000071a700000, 0x000000071a700000, 0x000000071a800000|  0%| F|  |TAMS 0x000000071a700000, 0x000000071a700000| Untracked 
| 254|0x000000071a800000, 0x000000071a800000, 0x000000071a900000|  0%| F|  |TAMS 0x000000071a800000, 0x000000071a800000| Untracked 
| 255|0x000000071a900000, 0x000000071a900000, 0x000000071aa00000|  0%| F|  |TAMS 0x000000071a900000, 0x000000071a900000| Untracked 
| 256|0x000000071aa00000, 0x000000071aa00000, 0x000000071ab00000|  0%| F|  |TAMS 0x000000071aa00000, 0x000000071aa00000| Untracked 
| 257|0x000000071ab00000, 0x000000071ab00000, 0x000000071ac00000|  0%| F|  |TAMS 0x000000071ab00000, 0x000000071ab00000| Untracked 
| 258|0x000000071ac00000, 0x000000071ac00000, 0x000000071ad00000|  0%| F|  |TAMS 0x000000071ac00000, 0x000000071ac00000| Untracked 
| 259|0x000000071ad00000, 0x000000071ad00000, 0x000000071ae00000|  0%| F|  |TAMS 0x000000071ad00000, 0x000000071ad00000| Untracked 
| 260|0x000000071ae00000, 0x000000071ae00000, 0x000000071af00000|  0%| F|  |TAMS 0x000000071ae00000, 0x000000071ae00000| Untracked 
| 261|0x000000071af00000, 0x000000071af00000, 0x000000071b000000|  0%| F|  |TAMS 0x000000071af00000, 0x000000071af00000| Untracked 
| 262|0x000000071b000000, 0x000000071b000000, 0x000000071b100000|  0%| F|  |TAMS 0x000000071b000000, 0x000000071b000000| Untracked 
| 263|0x000000071b100000, 0x000000071b100000, 0x000000071b200000|  0%| F|  |TAMS 0x000000071b100000, 0x000000071b100000| Untracked 
| 264|0x000000071b200000, 0x000000071b200000, 0x000000071b300000|  0%| F|  |TAMS 0x000000071b200000, 0x000000071b200000| Untracked 
| 265|0x000000071b300000, 0x000000071b300000, 0x000000071b400000|  0%| F|  |TAMS 0x000000071b300000, 0x000000071b300000| Untracked 
| 266|0x000000071b400000, 0x000000071b400000, 0x000000071b500000|  0%| F|  |TAMS 0x000000071b400000, 0x000000071b400000| Untracked 
| 267|0x000000071b500000, 0x000000071b500000, 0x000000071b600000|  0%| F|  |TAMS 0x000000071b500000, 0x000000071b500000| Untracked 
| 268|0x000000071b600000, 0x000000071b600000, 0x000000071b700000|  0%| F|  |TAMS 0x000000071b600000, 0x000000071b600000| Untracked 
| 269|0x000000071b700000, 0x000000071b700000, 0x000000071b800000|  0%| F|  |TAMS 0x000000071b700000, 0x000000071b700000| Untracked 
| 270|0x000000071b800000, 0x000000071b800000, 0x000000071b900000|  0%| F|  |TAMS 0x000000071b800000, 0x000000071b800000| Untracked 
| 271|0x000000071b900000, 0x000000071b900000, 0x000000071ba00000|  0%| F|  |TAMS 0x000000071b900000, 0x000000071b900000| Untracked 
| 272|0x000000071ba00000, 0x000000071ba00000, 0x000000071bb00000|  0%| F|  |TAMS 0x000000071ba00000, 0x000000071ba00000| Untracked 
| 273|0x000000071bb00000, 0x000000071bb00000, 0x000000071bc00000|  0%| F|  |TAMS 0x000000071bb00000, 0x000000071bb00000| Untracked 
| 274|0x000000071bc00000, 0x000000071bc00000, 0x000000071bd00000|  0%| F|  |TAMS 0x000000071bc00000, 0x000000071bc00000| Untracked 
| 275|0x000000071bd00000, 0x000000071bd00000, 0x000000071be00000|  0%| F|  |TAMS 0x000000071bd00000, 0x000000071bd00000| Untracked 
| 276|0x000000071be00000, 0x000000071be00000, 0x000000071bf00000|  0%| F|  |TAMS 0x000000071be00000, 0x000000071be00000| Untracked 
| 277|0x000000071bf00000, 0x000000071bf00000, 0x000000071c000000|  0%| F|  |TAMS 0x000000071bf00000, 0x000000071bf00000| Untracked 
| 278|0x000000071c000000, 0x000000071c000000, 0x000000071c100000|  0%| F|  |TAMS 0x000000071c000000, 0x000000071c000000| Untracked 
| 279|0x000000071c100000, 0x000000071c100000, 0x000000071c200000|  0%| F|  |TAMS 0x000000071c100000, 0x000000071c100000| Untracked 
| 280|0x000000071c200000, 0x000000071c200000, 0x000000071c300000|  0%| F|  |TAMS 0x000000071c200000, 0x000000071c200000| Untracked 
| 281|0x000000071c300000, 0x000000071c300000, 0x000000071c400000|  0%| F|  |TAMS 0x000000071c300000, 0x000000071c300000| Untracked 
| 282|0x000000071c400000, 0x000000071c400000, 0x000000071c500000|  0%| F|  |TAMS 0x000000071c400000, 0x000000071c400000| Untracked 
| 283|0x000000071c500000, 0x000000071c500000, 0x000000071c600000|  0%| F|  |TAMS 0x000000071c500000, 0x000000071c500000| Untracked 
| 284|0x000000071c600000, 0x000000071c600000, 0x000000071c700000|  0%| F|  |TAMS 0x000000071c600000, 0x000000071c600000| Untracked 
| 285|0x000000071c700000, 0x000000071c700000, 0x000000071c800000|  0%| F|  |TAMS 0x000000071c700000, 0x000000071c700000| Untracked 
| 286|0x000000071c800000, 0x000000071c800000, 0x000000071c900000|  0%| F|  |TAMS 0x000000071c800000, 0x000000071c800000| Untracked 
| 287|0x000000071c900000, 0x000000071c900000, 0x000000071ca00000|  0%| F|  |TAMS 0x000000071c900000, 0x000000071c900000| Untracked 
| 288|0x000000071ca00000, 0x000000071ca00000, 0x000000071cb00000|  0%| F|  |TAMS 0x000000071ca00000, 0x000000071ca00000| Untracked 
| 289|0x000000071cb00000, 0x000000071cb00000, 0x000000071cc00000|  0%| F|  |TAMS 0x000000071cb00000, 0x000000071cb00000| Untracked 
| 290|0x000000071cc00000, 0x000000071cc00000, 0x000000071cd00000|  0%| F|  |TAMS 0x000000071cc00000, 0x000000071cc00000| Untracked 
| 291|0x000000071cd00000, 0x000000071cd00000, 0x000000071ce00000|  0%| F|  |TAMS 0x000000071cd00000, 0x000000071cd00000| Untracked 
| 292|0x000000071ce00000, 0x000000071ce00000, 0x000000071cf00000|  0%| F|  |TAMS 0x000000071ce00000, 0x000000071ce00000| Untracked 
| 293|0x000000071cf00000, 0x000000071cf00000, 0x000000071d000000|  0%| F|  |TAMS 0x000000071cf00000, 0x000000071cf00000| Untracked 
| 294|0x000000071d000000, 0x000000071d000000, 0x000000071d100000|  0%| F|  |TAMS 0x000000071d000000, 0x000000071d000000| Untracked 
| 295|0x000000071d100000, 0x000000071d100000, 0x000000071d200000|  0%| F|  |TAMS 0x000000071d100000, 0x000000071d100000| Untracked 

Card table byte_map: [0x000001ecf5ce0000,0x000001ecf6490000] _byte_map_base: 0x000001ecf248b000

Marking Bits (Prev, Next): (CMBitMap*) 0x000001ecebe4d320, (CMBitMap*) 0x000001ecebe4d2e8
 Prev Bits: [0x000001ecfa9a0000, 0x000001ecfe6f8000)
 Next Bits: [0x000001ecf6c40000, 0x000001ecfa998000)

Polling page: 0x000001ece9de0000

Metaspace:

Usage:
  Non-class:     54.65 MB capacity,    52.61 MB ( 96%) used,     1.82 MB (  3%) free+waste,   215.94 KB ( <1%) overhead. 
      Class:      8.28 MB capacity,     6.58 MB ( 79%) used,     1.60 MB ( 19%) free+waste,   103.50 KB (  1%) overhead. 
       Both:     62.93 MB capacity,    59.20 MB ( 94%) used,     3.42 MB (  5%) free+waste,   319.44 KB ( <1%) overhead. 

Virtual space:
  Non-class space:       56.00 MB reserved,      54.67 MB ( 98%) committed 
      Class space:        1.00 GB reserved,       8.38 MB ( <1%) committed 
             Both:        1.05 GB reserved,      63.05 MB (  6%) committed 

Chunk freelists:
   Non-Class:  26.00 KB
       Class:  0 bytes
        Both:  26.00 KB

MaxMetaspaceSize: 17179869184.00 GB
CompressedClassSpaceSize: 1.00 GB
Initial GC threshold: 20.80 MB
Current GC threshold: 98.00 MB
CDS: off

CodeHeap 'non-profiled nmethods': size=119168Kb used=7352Kb max_used=7352Kb free=111815Kb
 bounds [0x000001ec87ba0000, 0x000001ec882d0000, 0x000001ec8f000000]
CodeHeap 'profiled nmethods': size=119168Kb used=20544Kb max_used=20544Kb free=98623Kb
 bounds [0x000001ec80740000, 0x000001ec81b60000, 0x000001ec87ba0000]
CodeHeap 'non-nmethods': size=7424Kb used=3199Kb max_used=3249Kb free=4224Kb
 bounds [0x000001ec80000000, 0x000001ec803a0000, 0x000001ec80740000]
 total_blobs=8710 nmethods=7842 adapters=776
 compilation: enabled
              stopped_count=0, restarted_count=0
 full_count=0

Compilation events (20 events):
Event: 175.713 Thread 0x000001ec99e06000 nmethod 7872 0x000001ec81b49610 code [0x000001ec81b499a0, 0x000001ec81b4b518]
Event: 175.715 Thread 0x000001ec99e07800 7873       4       com.st.microxplorer.mcu.DMAServiceSet::isDMAMappable (567 bytes)
Event: 175.721 Thread 0x000001ec99e07000 7874       3       com.st.microxplorer.mcu.Mode::isFatherMode (57 bytes)
Event: 175.722 Thread 0x000001ec99e07000 nmethod 7874 0x000001ec81b4be10 code [0x000001ec81b4c060, 0x000001ec81b4ca18]
Event: 175.728 Thread 0x000001ec99e0b000 7875       4       com.st.microxplorer.mcu.DMAService::getParameter (131 bytes)
Event: 175.736 Thread 0x000001ec99e07800 nmethod 7873 0x000001ec882b1e10 code [0x000001ec882b2020, 0x000001ec882b2e08]
Event: 175.736 Thread 0x000001ec99e07800 7876       4       java.util.HashMap::afterNodeRemoval (1 bytes)
Event: 175.736 Thread 0x000001ec99e07800 nmethod 7876 0x000001ec882b3c90 code [0x000001ec882b3e20, 0x000001ec882b3e78]
Event: 175.742 Thread 0x000001ecff94c000 nmethod 7870 0x000001ec882b3f90 code [0x000001ec882b4220, 0x000001ec882b5300]
Event: 175.749 Thread 0x000001ec99e07800 7877       4       com.st.microxplorer.mcu.PinoutRecombination::getSignalsOrdering (658 bytes)
Event: 175.752 Thread 0x000001ec99e0a000 nmethod 7780 0x000001ec882b6390 code [0x000001ec882b6a80, 0x000001ec882be878]
Event: 175.779 Thread 0x000001ec99e0b000 nmethod 7875 0x000001ec882c3f10 code [0x000001ec882c41e0, 0x000001ec882c6310]
Event: 175.802 Thread 0x000001ec99e08800 nmethod 7864 0x000001ec882c7a10 code [0x000001ec882c7da0, 0x000001ec882cbdb0]
Event: 175.805 Thread 0x000001ecff845800 7879       3       com.st.microxplorer.mcu.PinoutRecombination::isConflictOnMode (107 bytes)
Event: 175.805 Thread 0x000001ec9ad13800 7878       3       com.st.microxplorer.mcu.PinoutRecombination::isAvailable (104 bytes)
Event: 175.805 Thread 0x000001ec99e06000 7880       3       com.st.microxplorer.mcu.PinoutRecombination::LockFixedSignalSubpins (121 bytes)
Event: 175.806 Thread 0x000001ec9ad13800 nmethod 7878 0x000001ec81b4cc90 code [0x000001ec81b4cf00, 0x000001ec81b4d818]
Event: 175.806 Thread 0x000001ec99e06000 nmethod 7880 0x000001ec81b4da90 code [0x000001ec81b4dd20, 0x000001ec81b4ed08]
Event: 175.806 Thread 0x000001ecff845800 nmethod 7879 0x000001ec81b4f110 code [0x000001ec81b4f380, 0x000001ec81b4ff58]
Event: 175.806 Thread 0x000001ec99e0a000 7881   !   4       com.st.microxplorer.util.ConstraintSolver::findNext (280 bytes)

GC Heap History (20 events):
Event: 173.748 GC heap after
{Heap after GC invocations=18 (full 0):
 garbage-first heap   total 251904K, used 87273K [0x000000070aa00000, 0x0000000800000000)
  region size 1024K, 9 young (9216K), 9 survivors (9216K)
 Metaspace       used 58695K, capacity 62324K, committed 62384K, reserved 1103872K
  class space    used 6535K, capacity 8165K, committed 8192K, reserved 1048576K
}
Event: 173.860 GC heap before
{Heap before GC invocations=18 (full 0):
 garbage-first heap   total 251904K, used 213225K [0x000000070aa00000, 0x0000000800000000)
  region size 1024K, 132 young (135168K), 9 survivors (9216K)
 Metaspace       used 58697K, capacity 62324K, committed 62384K, reserved 1103872K
  class space    used 6535K, capacity 8165K, committed 8192K, reserved 1048576K
}
Event: 173.864 GC heap after
{Heap after GC invocations=19 (full 0):
 garbage-first heap   total 251904K, used 89666K [0x000000070aa00000, 0x0000000800000000)
  region size 1024K, 10 young (10240K), 10 survivors (10240K)
 Metaspace       used 58697K, capacity 62324K, committed 62384K, reserved 1103872K
  class space    used 6535K, capacity 8165K, committed 8192K, reserved 1048576K
}
Event: 174.004 GC heap before
{Heap before GC invocations=19 (full 0):
 garbage-first heap   total 251904K, used 213570K [0x000000070aa00000, 0x0000000800000000)
  region size 1024K, 131 young (134144K), 10 survivors (10240K)
 Metaspace       used 58698K, capacity 62324K, committed 62384K, reserved 1103872K
  class space    used 6535K, capacity 8165K, committed 8192K, reserved 1048576K
}
Event: 174.008 GC heap after
{Heap after GC invocations=20 (full 0):
 garbage-first heap   total 251904K, used 91379K [0x000000070aa00000, 0x0000000800000000)
  region size 1024K, 9 young (9216K), 9 survivors (9216K)
 Metaspace       used 58698K, capacity 62324K, committed 62384K, reserved 1103872K
  class space    used 6535K, capacity 8165K, committed 8192K, reserved 1048576K
}
Event: 174.308 GC heap before
{Heap before GC invocations=20 (full 0):
 garbage-first heap   total 251904K, used 214259K [0x000000070aa00000, 0x0000000800000000)
  region size 1024K, 129 young (132096K), 9 survivors (9216K)
 Metaspace       used 59186K, capacity 62849K, committed 63024K, reserved 1103872K
  class space    used 6585K, capacity 8205K, committed 8320K, reserved 1048576K
}
Event: 174.313 GC heap after
{Heap after GC invocations=21 (full 0):
 garbage-first heap   total 251904K, used 92403K [0x000000070aa00000, 0x0000000800000000)
  region size 1024K, 10 young (10240K), 10 survivors (10240K)
 Metaspace       used 59186K, capacity 62849K, committed 63024K, reserved 1103872K
  class space    used 6585K, capacity 8205K, committed 8320K, reserved 1048576K
}
Event: 174.469 GC heap before
{Heap before GC invocations=21 (full 0):
 garbage-first heap   total 251904K, used 214259K [0x000000070aa00000, 0x0000000800000000)
  region size 1024K, 129 young (132096K), 10 survivors (10240K)
 Metaspace       used 59365K, capacity 62977K, committed 63280K, reserved 1103872K
  class space    used 6587K, capacity 8205K, committed 8320K, reserved 1048576K
}
Event: 174.475 GC heap after
{Heap after GC invocations=22 (full 0):
 garbage-first heap   total 251904K, used 94432K [0x000000070aa00000, 0x0000000800000000)
  region size 1024K, 11 young (11264K), 11 survivors (11264K)
 Metaspace       used 59365K, capacity 62977K, committed 63280K, reserved 1103872K
  class space    used 6587K, capacity 8205K, committed 8320K, reserved 1048576K
}
Event: 174.786 GC heap before
{Heap before GC invocations=22 (full 0):
 garbage-first heap   total 251904K, used 214240K [0x000000070aa00000, 0x0000000800000000)
  region size 1024K, 128 young (131072K), 11 survivors (11264K)
 Metaspace       used 59544K, capacity 63194K, committed 63280K, reserved 1103872K
  class space    used 6598K, capacity 8255K, committed 8320K, reserved 1048576K
}
Event: 174.792 GC heap after
{Heap after GC invocations=23 (full 0):
 garbage-first heap   total 251904K, used 95584K [0x000000070aa00000, 0x0000000800000000)
  region size 1024K, 10 young (10240K), 10 survivors (10240K)
 Metaspace       used 59544K, capacity 63194K, committed 63280K, reserved 1103872K
  class space    used 6598K, capacity 8255K, committed 8320K, reserved 1048576K
}
Event: 175.084 GC heap before
{Heap before GC invocations=23 (full 0):
 garbage-first heap   total 251904K, used 214368K [0x000000070aa00000, 0x0000000800000000)
  region size 1024K, 126 young (129024K), 10 survivors (10240K)
 Metaspace       used 60207K, capacity 63868K, committed 64176K, reserved 1105920K
  class space    used 6670K, capacity 8353K, committed 8448K, reserved 1048576K
}
Event: 175.090 GC heap after
{Heap after GC invocations=24 (full 0):
 garbage-first heap   total 303104K, used 98705K [0x000000070aa00000, 0x0000000800000000)
  region size 1024K, 11 young (11264K), 11 survivors (11264K)
 Metaspace       used 60207K, capacity 63868K, committed 64176K, reserved 1105920K
  class space    used 6670K, capacity 8353K, committed 8448K, reserved 1048576K
}
Event: 175.225 GC heap before
{Heap before GC invocations=24 (full 0):
 garbage-first heap   total 303104K, used 247185K [0x000000070aa00000, 0x0000000800000000)
  region size 1024K, 156 young (159744K), 11 survivors (11264K)
 Metaspace       used 60207K, capacity 63868K, committed 64176K, reserved 1105920K
  class space    used 6670K, capacity 8353K, committed 8448K, reserved 1048576K
}
Event: 175.229 GC heap after
{Heap after GC invocations=25 (full 0):
 garbage-first heap   total 303104K, used 98654K [0x000000070aa00000, 0x0000000800000000)
  region size 1024K, 11 young (11264K), 11 survivors (11264K)
 Metaspace       used 60207K, capacity 63868K, committed 64176K, reserved 1105920K
  class space    used 6670K, capacity 8353K, committed 8448K, reserved 1048576K
}
Event: 175.437 GC heap before
{Heap before GC invocations=25 (full 0):
 garbage-first heap   total 303104K, used 257374K [0x000000070aa00000, 0x0000000800000000)
  region size 1024K, 166 young (169984K), 11 survivors (11264K)
 Metaspace       used 60578K, capacity 64376K, committed 64560K, reserved 1105920K
  class space    used 6742K, capacity 8482K, committed 8576K, reserved 1048576K
}
Event: 175.443 GC heap after
{Heap after GC invocations=26 (full 0):
 garbage-first heap   total 303104K, used 100432K [0x000000070aa00000, 0x0000000800000000)
  region size 1024K, 13 young (13312K), 13 survivors (13312K)
 Metaspace       used 60578K, capacity 64376K, committed 64560K, reserved 1105920K
  class space    used 6742K, capacity 8482K, committed 8576K, reserved 1048576K
}
Event: 175.634 GC heap before
{Heap before GC invocations=26 (full 0):
 garbage-first heap   total 303104K, used 258128K [0x000000070aa00000, 0x0000000800000000)
  region size 1024K, 167 young (171008K), 13 survivors (13312K)
 Metaspace       used 60614K, capacity 64440K, committed 64560K, reserved 1105920K
  class space    used 6742K, capacity 8482K, committed 8576K, reserved 1048576K
}
Event: 175.639 GC heap after
{Heap after GC invocations=27 (full 0):
 garbage-first heap   total 303104K, used 100287K [0x000000070aa00000, 0x0000000800000000)
  region size 1024K, 11 young (11264K), 11 survivors (11264K)
 Metaspace       used 60614K, capacity 64440K, committed 64560K, reserved 1105920K
  class space    used 6742K, capacity 8482K, committed 8576K, reserved 1048576K
}
Event: 175.809 GC heap before
{Heap before GC invocations=27 (full 0):
 garbage-first heap   total 303104K, used 260031K [0x000000070aa00000, 0x0000000800000000)
  region size 1024K, 167 young (171008K), 11 survivors (11264K)
 Metaspace       used 60620K, capacity 64440K, committed 64560K, reserved 1105920K
  class space    used 6742K, capacity 8482K, committed 8576K, reserved 1048576K
}

Deoptimization events (20 events):
Event: 175.595 Thread 0x000001ec9ced9000 Uncommon trap: trap_request=0xffffffd6 fr.pc=0x000001ec8829c6a8 relative=0x0000000000000848
Event: 175.595 Thread 0x000001ec9ced9000 Uncommon trap: reason=array_check action=maybe_recompile pc=0x000001ec8829c6a8 method=java.util.ComparableTimSort.binarySort([Ljava/lang/Object;III)V @ 215 c2
Event: 175.595 Thread 0x000001ec9ced9000 DEOPT PACKING pc=0x000001ec8829c6a8 sp=0x0000005359afe720
Event: 175.595 Thread 0x000001ec9ced9000 DEOPT UNPACKING pc=0x000001ec8004a1af sp=0x0000005359afe6d0 mode 2
Event: 175.596 Thread 0x000001ec9ced9000 Uncommon trap: trap_request=0xffffffd6 fr.pc=0x000001ec8829c8a4 relative=0x0000000000000a44
Event: 175.596 Thread 0x000001ec9ced9000 Uncommon trap: reason=array_check action=maybe_recompile pc=0x000001ec8829c8a4 method=java.util.ComparableTimSort.binarySort([Ljava/lang/Object;III)V @ 183 c2
Event: 175.596 Thread 0x000001ec9ced9000 DEOPT PACKING pc=0x000001ec8829c8a4 sp=0x0000005359afe720
Event: 175.596 Thread 0x000001ec9ced9000 DEOPT UNPACKING pc=0x000001ec8004a1af sp=0x0000005359afe6d0 mode 2
Event: 175.596 Thread 0x000001ec9ced9000 Uncommon trap: trap_request=0xffffffd6 fr.pc=0x000001ec8829c7d8 relative=0x0000000000000978
Event: 175.596 Thread 0x000001ec9ced9000 Uncommon trap: reason=array_check action=maybe_recompile pc=0x000001ec8829c7d8 method=java.util.ComparableTimSort.binarySort([Ljava/lang/Object;III)V @ 193 c2
Event: 175.597 Thread 0x000001ec9ced9000 DEOPT PACKING pc=0x000001ec8829c7d8 sp=0x0000005359afe720
Event: 175.597 Thread 0x000001ec9ced9000 DEOPT UNPACKING pc=0x000001ec8004a1af sp=0x0000005359afe6d0 mode 2
Event: 175.673 Thread 0x000001ec9cede000 Uncommon trap: trap_request=0xffffff4d fr.pc=0x000001ec8829936c relative=0x0000000000000ccc
Event: 175.673 Thread 0x000001ec9cede000 Uncommon trap: reason=unstable_if action=reinterpret pc=0x000001ec8829936c method=jp.ac.kobe_u.cs.cream.Constraint.isModified([Ljp/ac/kobe_u/cs/cream/Variable;)Z @ 9 c2
Event: 175.673 Thread 0x000001ec9cede000 DEOPT PACKING pc=0x000001ec8829936c sp=0x000000535a0ff280
Event: 175.673 Thread 0x000001ec9cede000 DEOPT UNPACKING pc=0x000001ec8004a1af sp=0x000000535a0ff1a8 mode 2
Event: 175.710 Thread 0x000001ec9ced9000 DEOPT PACKING pc=0x000001ec81b33079 sp=0x0000005359afea00
Event: 175.710 Thread 0x000001ec9ced9000 DEOPT UNPACKING pc=0x000001ec8004a95e sp=0x0000005359afdf38 mode 0
Event: 175.727 Thread 0x000001ec9ced9000 DEOPT PACKING pc=0x000001ec81b33079 sp=0x0000005359afea00
Event: 175.727 Thread 0x000001ec9ced9000 DEOPT UNPACKING pc=0x000001ec8004a95e sp=0x0000005359afdf38 mode 0

Classes redefined (0 events):
No events

Internal exceptions (20 events):
Event: 175.348 Thread 0x000001ec9ced9000 Exception <a 'java/io/IOException'{0x00000007161380d0}> (0x00000007161380d0) thrown at [./src/hotspot/share/prims/jni.cpp, line 617]
Event: 175.348 Thread 0x000001ec9ced9000 Exception <a 'java/io/IOException'{0x000000071613bcc0}> (0x000000071613bcc0) thrown at [./src/hotspot/share/prims/jni.cpp, line 617]
Event: 175.348 Thread 0x000001ec9ced9000 Exception <a 'java/io/IOException'{0x000000071613c028}> (0x000000071613c028) thrown at [./src/hotspot/share/prims/jni.cpp, line 617]
Event: 175.348 Thread 0x000001ec9ced9000 Exception <a 'java/io/IOException'{0x000000071613fc00}> (0x000000071613fc00) thrown at [./src/hotspot/share/prims/jni.cpp, line 617]
Event: 175.348 Thread 0x000001ec9ced9000 Exception <a 'java/io/IOException'{0x000000071613ff68}> (0x000000071613ff68) thrown at [./src/hotspot/share/prims/jni.cpp, line 617]
Event: 175.348 Thread 0x000001ec9ced9000 Exception <a 'java/io/IOException'{0x0000000716143b80}> (0x0000000716143b80) thrown at [./src/hotspot/share/prims/jni.cpp, line 617]
Event: 175.348 Thread 0x000001ec9ced9000 Exception <a 'java/io/IOException'{0x0000000716143ee8}> (0x0000000716143ee8) thrown at [./src/hotspot/share/prims/jni.cpp, line 617]
Event: 175.348 Thread 0x000001ec9ced9000 Exception <a 'java/io/IOException'{0x0000000716147b20}> (0x0000000716147b20) thrown at [./src/hotspot/share/prims/jni.cpp, line 617]
Event: 175.348 Thread 0x000001ec9ced9000 Exception <a 'java/io/IOException'{0x0000000716147e88}> (0x0000000716147e88) thrown at [./src/hotspot/share/prims/jni.cpp, line 617]
Event: 175.348 Thread 0x000001ec9ced9000 Exception <a 'java/io/IOException'{0x000000071614ba68}> (0x000000071614ba68) thrown at [./src/hotspot/share/prims/jni.cpp, line 617]
Event: 175.348 Thread 0x000001ec9ced9000 Exception <a 'java/io/IOException'{0x000000071614bdd0}> (0x000000071614bdd0) thrown at [./src/hotspot/share/prims/jni.cpp, line 617]
Event: 175.348 Thread 0x000001ec9ced9000 Exception <a 'java/io/IOException'{0x000000071614f9a8}> (0x000000071614f9a8) thrown at [./src/hotspot/share/prims/jni.cpp, line 617]
Event: 175.348 Thread 0x000001ec9ced9000 Exception <a 'java/io/IOException'{0x000000071614fd10}> (0x000000071614fd10) thrown at [./src/hotspot/share/prims/jni.cpp, line 617]
Event: 175.348 Thread 0x000001ec9ced9000 Exception <a 'java/io/IOException'{0x00000007161538f8}> (0x00000007161538f8) thrown at [./src/hotspot/share/prims/jni.cpp, line 617]
Event: 175.348 Thread 0x000001ec9ced9000 Exception <a 'java/io/IOException'{0x0000000716153c60}> (0x0000000716153c60) thrown at [./src/hotspot/share/prims/jni.cpp, line 617]
Event: 175.351 Thread 0x000001ec9ced9000 Exception <a 'java/lang/NoSuchMethodError'{0x00000007161f4f10}: 'java.lang.Object java.lang.invoke.DirectMethodHandle$Holder.invokeStatic(java.lang.Object, java.lang.Object, java.lang.Object, java.lang.Object, java.lang.Object, java.lang.Object, java.lang.Object, java.lang.Object, java.lang.Object, int, int, java.lang.Object, java.lang.Object)'> (0x00000007161f4f10) thrown at [./src/hotspot/share/interpreter/linkResolver.cpp, line 773]
Event: 175.357 Thread 0x000001ec9ced9000 Exception <a 'java/io/IOException'{0x0000000716088360}> (0x0000000716088360) thrown at [./src/hotspot/share/prims/jni.cpp, line 617]
Event: 175.357 Thread 0x000001ec9ced9000 Exception <a 'java/io/IOException'{0x00000007160886c8}> (0x00000007160886c8) thrown at [./src/hotspot/share/prims/jni.cpp, line 617]
Event: 175.358 Thread 0x000001ec9ced9000 Exception <a 'java/io/IOException'{0x00000007160bff50}> (0x00000007160bff50) thrown at [./src/hotspot/share/prims/jni.cpp, line 617]
Event: 175.358 Thread 0x000001ec9ced9000 Exception <a 'java/io/IOException'{0x00000007160c02b8}> (0x00000007160c02b8) thrown at [./src/hotspot/share/prims/jni.cpp, line 617]

Events (20 events):
Event: 175.806 Thread 0x000001ec9cedf800 Thread added: 0x000001ec9cedf800
Event: 175.807 Thread 0x000001ec9cedf800 Thread exited: 0x000001ec9cedf800
Event: 175.807 Thread 0x000001ec9cedf800 Thread added: 0x000001ec9cedf800
Event: 175.807 Thread 0x000001ec9cedf800 Thread exited: 0x000001ec9cedf800
Event: 175.807 Thread 0x000001ec9cedf800 Thread added: 0x000001ec9cedf800
Event: 175.807 Thread 0x000001ec9cedf800 Thread exited: 0x000001ec9cedf800
Event: 175.807 Thread 0x000001ec9cedf800 Thread added: 0x000001ec9cedf800
Event: 175.807 Thread 0x000001ec9cedf800 Thread exited: 0x000001ec9cedf800
Event: 175.807 Thread 0x000001ec9ceda800 Thread added: 0x000001ec9ceda800
Event: 175.808 Thread 0x000001ec9ceda800 Thread exited: 0x000001ec9ceda800
Event: 175.808 Thread 0x000001ec9cede000 Thread added: 0x000001ec9cede000
Event: 175.808 Thread 0x000001ec9cede000 Thread exited: 0x000001ec9cede000
Event: 175.808 Thread 0x000001ec9cede000 Thread added: 0x000001ec9cede000
Event: 175.808 Thread 0x000001ec9cede000 Thread exited: 0x000001ec9cede000
Event: 175.808 Thread 0x000001ec9cedf800 Thread added: 0x000001ec9cedf800
Event: 175.808 Thread 0x000001ec9cedf800 Thread exited: 0x000001ec9cedf800
Event: 175.808 Thread 0x000001ec9cedf800 Thread added: 0x000001ec9cedf800
Event: 175.809 Thread 0x000001ec9cedf800 Thread exited: 0x000001ec9cedf800
Event: 175.809 Thread 0x000001ec9cede000 Thread added: 0x000001ec9cede000
Event: 175.809 Executing VM operation: G1CollectForAllocation


Dynamic libraries:
0x00007ff763570000 - 0x00007ff76357d000 	D:\newcubemx\jre\bin\javaw.exe
0x00007fff96530000 - 0x00007fff96728000 	C:\WINDOWS\SYSTEM32\ntdll.dll
0x00007fff94e20000 - 0x00007fff94edf000 	C:\WINDOWS\System32\KERNEL32.DLL
0x00007fff93c40000 - 0x00007fff93f1a000 	C:\WINDOWS\System32\KERNELBASE.dll
0x00007fff93f20000 - 0x00007fff94020000 	C:\WINDOWS\System32\ucrtbase.dll
0x00007fff79300000 - 0x00007fff79317000 	D:\newcubemx\jre\bin\jli.dll
0x00007fff95ec0000 - 0x00007fff9605d000 	C:\WINDOWS\System32\USER32.dll
0x00007fff942f0000 - 0x00007fff94312000 	C:\WINDOWS\System32\win32u.dll
0x00007fff84140000 - 0x00007fff843da000 	C:\WINDOWS\WinSxS\amd64_microsoft.windows.common-controls_6595b64144ccf1df_6.0.19041.1110_none_60b5254171f9507e\COMCTL32.dll
0x00007fff95e90000 - 0x00007fff95ebb000 	C:\WINDOWS\System32\GDI32.dll
0x00007fff94590000 - 0x00007fff9462e000 	C:\WINDOWS\System32\msvcrt.dll
0x00007fff94020000 - 0x00007fff94130000 	C:\WINDOWS\System32\gdi32full.dll
0x00007fff94250000 - 0x00007fff942ed000 	C:\WINDOWS\System32\msvcp_win.dll
0x00007fff79240000 - 0x00007fff79255000 	D:\newcubemx\jre\bin\VCRUNTIME140.dll
0x00007fff95020000 - 0x00007fff95050000 	C:\WINDOWS\System32\IMM32.DLL
0x00007fff60b80000 - 0x00007fff60c1b000 	D:\newcubemx\jre\bin\msvcp140.dll
0x00007fff203e0000 - 0x00007fff20f62000 	D:\newcubemx\jre\bin\server\jvm.dll
0x00007fff95de0000 - 0x00007fff95e8e000 	C:\WINDOWS\System32\ADVAPI32.dll
0x00007fff95d40000 - 0x00007fff95ddc000 	C:\WINDOWS\System32\sechost.dll
0x00007fff959b0000 - 0x00007fff95ad6000 	C:\WINDOWS\System32\RPCRT4.dll
0x00007fff94e10000 - 0x00007fff94e18000 	C:\WINDOWS\System32\PSAPI.DLL
0x00007fff85ac0000 - 0x00007fff85ae7000 	C:\WINDOWS\SYSTEM32\WINMM.dll
0x00007fff8de00000 - 0x00007fff8de09000 	C:\WINDOWS\SYSTEM32\WSOCK32.dll
0x00007fff92960000 - 0x00007fff9296a000 	C:\WINDOWS\SYSTEM32\VERSION.dll
0x00007fff957b0000 - 0x00007fff9581b000 	C:\WINDOWS\System32\WS2_32.dll
0x00007fff92350000 - 0x00007fff92362000 	C:\WINDOWS\SYSTEM32\kernel.appcore.dll
0x00007fff8ddb0000 - 0x00007fff8ddc0000 	D:\newcubemx\jre\bin\verify.dll
0x00007fff91990000 - 0x00007fff91b74000 	C:\WINDOWS\SYSTEM32\DBGHELP.DLL
0x00007fff81940000 - 0x00007fff81974000 	C:\WINDOWS\SYSTEM32\dbgcore.DLL
0x00007fff94320000 - 0x00007fff943a2000 	C:\WINDOWS\System32\bcryptPrimitives.dll
0x00007fff6d1f0000 - 0x00007fff6d218000 	D:\newcubemx\jre\bin\java.dll
0x00007fff8c360000 - 0x00007fff8c36a000 	D:\newcubemx\jre\bin\jimage.dll
0x00007fff78960000 - 0x00007fff78978000 	D:\newcubemx\jre\bin\zip.dll
0x00007fff94630000 - 0x00007fff94d74000 	C:\WINDOWS\System32\SHELL32.dll
0x00007fff91ba0000 - 0x00007fff92333000 	C:\WINDOWS\SYSTEM32\windows.storage.dll
0x00007fff96190000 - 0x00007fff964e4000 	C:\WINDOWS\System32\combase.dll
0x00007fff936a0000 - 0x00007fff936ce000 	C:\WINDOWS\SYSTEM32\Wldp.dll
0x00007fff95ae0000 - 0x00007fff95b8d000 	C:\WINDOWS\System32\SHCORE.dll
0x00007fff95950000 - 0x00007fff959a5000 	C:\WINDOWS\System32\shlwapi.dll
0x00007fff93b80000 - 0x00007fff93b9f000 	C:\WINDOWS\SYSTEM32\profapi.dll
0x00007fff75040000 - 0x00007fff75059000 	D:\newcubemx\jre\bin\net.dll
0x00007fff8e7b0000 - 0x00007fff8e8ba000 	C:\WINDOWS\SYSTEM32\WINHTTP.dll
0x00007fff93400000 - 0x00007fff9346a000 	C:\WINDOWS\system32\mswsock.dll
0x00007fff70330000 - 0x00007fff70343000 	D:\newcubemx\jre\bin\nio.dll
0x00007fff2f510000 - 0x00007fff2f6aa000 	D:\newcubemx\jre\bin\awt.dll
0x00007fff96060000 - 0x00007fff9612d000 	C:\WINDOWS\System32\OLEAUT32.dll
0x00007fff90e00000 - 0x00007fff90e90000 	C:\WINDOWS\SYSTEM32\apphelp.dll
0x00007fff935f0000 - 0x00007fff93608000 	C:\WINDOWS\SYSTEM32\CRYPTSP.dll
0x00007fff92cb0000 - 0x00007fff92ce4000 	C:\WINDOWS\system32\rsaenh.dll
0x00007fff94560000 - 0x00007fff94587000 	C:\WINDOWS\System32\bcrypt.dll
0x00007fff93b40000 - 0x00007fff93b6e000 	C:\WINDOWS\SYSTEM32\USERENV.dll
0x00007fff93610000 - 0x00007fff9361c000 	C:\WINDOWS\SYSTEM32\CRYPTBASE.dll
0x00007fff930a0000 - 0x00007fff930dc000 	C:\WINDOWS\SYSTEM32\IPHLPAPI.DLL
0x00007fff956c0000 - 0x00007fff956c8000 	C:\WINDOWS\System32\NSI.dll
0x00007fff8d010000 - 0x00007fff8d027000 	C:\WINDOWS\SYSTEM32\dhcpcsvc6.DLL
0x00007fff8d500000 - 0x00007fff8d51d000 	C:\WINDOWS\SYSTEM32\dhcpcsvc.DLL
0x00007fff930e0000 - 0x00007fff931ab000 	C:\WINDOWS\SYSTEM32\DNSAPI.dll
0x00007fff90f60000 - 0x00007fff90ffe000 	C:\WINDOWS\system32\uxtheme.dll
0x00007fff6e760000 - 0x00007fff6e839000 	c:\Program Files\HP\HP ProtectTools Security Manager\Bin\DpoFeedb.dll
0x00007fff95540000 - 0x00007fff95654000 	C:\WINDOWS\System32\MSCTF.dll
0x00007fff94ef0000 - 0x00007fff9501a000 	C:\WINDOWS\System32\ole32.dll
0x00007fff913e0000 - 0x00007fff9140f000 	C:\WINDOWS\system32\DWMAPI.DLL
0x00007fff67c40000 - 0x00007fff67d65000 	C:\WINDOWS\system32\opengl32.dll
0x00007fff6a030000 - 0x00007fff6a05c000 	C:\WINDOWS\SYSTEM32\GLU32.dll
0x00007fff78540000 - 0x00007fff7870d000 	C:\WINDOWS\system32\d3d9.dll
0x00007fff83880000 - 0x00007fff83a3b000 	C:\WINDOWS\System32\DriverStore\FileRepository\u0382887.inf_amd64_c0c8f96c746954a2\B382882\aticfx64.dll
0x00007fff6c0d0000 - 0x00007fff6c104000 	C:\WINDOWS\System32\DriverStore\FileRepository\u0382887.inf_amd64_c0c8f96c746954a2\B382882\atiu9p64.dll
0x00007fff10b40000 - 0x00007fff11895000 	C:\WINDOWS\System32\DriverStore\FileRepository\u0382887.inf_amd64_c0c8f96c746954a2\B382882\atiumd64.dll
0x0000000063670000 - 0x0000000064596000 	C:\WINDOWS\System32\DriverStore\FileRepository\u0382887.inf_amd64_c0c8f96c746954a2\B382882\atiumd6a.dll
0x00007fff95050000 - 0x00007fff954b8000 	C:\WINDOWS\System32\SETUPAPI.dll
0x00007fff94510000 - 0x00007fff9455e000 	C:\WINDOWS\System32\cfgmgr32.dll
0x00007fff931c0000 - 0x00007fff9320b000 	C:\WINDOWS\SYSTEM32\POWRPROF.dll
0x00007fff93080000 - 0x00007fff93092000 	C:\WINDOWS\SYSTEM32\UMPDC.dll
0x00007fff83bf0000 - 0x00007fff83c25000 	C:\WINDOWS\SYSTEM32\amdihk64.dll
0x00007fff84630000 - 0x00007fff8466b000 	C:\WINDOWS\SYSTEM32\dxcore.dll
0x00007fff5fd00000 - 0x00007fff5fd83000 	D:\newcubemx\jre\bin\freetype.dll
0x00007fff4d6a0000 - 0x00007fff4d745000 	D:\newcubemx\jre\bin\fontmanager.dll
0x00007fff8d3d0000 - 0x00007fff8d3da000 	C:\Windows\System32\rasadhlp.dll
0x00007fff8b160000 - 0x00007fff8b169000 	D:\newcubemx\jre\bin\management.dll
0x00007fff82fa0000 - 0x00007fff82fab000 	D:\newcubemx\jre\bin\management_ext.dll
0x00007fff81ee0000 - 0x00007fff81ee9000 	D:\newcubemx\jre\bin\prefs.dll
0x00007fff62390000 - 0x00007fff623a7000 	C:\WINDOWS\system32\napinsp.dll
0x00007fff60c20000 - 0x00007fff60c3b000 	C:\WINDOWS\system32\pnrpnsp.dll
0x00007fff8e790000 - 0x00007fff8e7a5000 	C:\WINDOWS\system32\wshbth.dll
0x00007fff8e8d0000 - 0x00007fff8e8ed000 	C:\WINDOWS\system32\NLAapi.dll
0x00007fff54f40000 - 0x00007fff54f52000 	C:\WINDOWS\System32\winrnr.dll
0x00007fff8c240000 - 0x00007fff8c2c0000 	C:\WINDOWS\System32\fwpuclnt.dll
0x00007fff64aa0000 - 0x00007fff64acd000 	D:\newcubemx\jre\bin\javajpeg.dll
0x00007fff63bf0000 - 0x00007fff63c15000 	D:\newcubemx\jre\bin\sunec.dll
0x00007fff7ea50000 - 0x00007fff7ea5e000 	D:\newcubemx\jre\bin\sunmscapi.dll
0x00007fff943b0000 - 0x00007fff94506000 	C:\WINDOWS\System32\CRYPT32.dll
0x00007fff93710000 - 0x00007fff93738000 	C:\WINDOWS\SYSTEM32\ncrypt.dll
0x00007fff936d0000 - 0x00007fff9370b000 	C:\WINDOWS\SYSTEM32\NTASN1.dll
0x00007fff93830000 - 0x00007fff93842000 	C:\WINDOWS\SYSTEM32\MSASN1.dll
0x00007fff92370000 - 0x00007fff92393000 	C:\WINDOWS\SYSTEM32\gpapi.dll
0x00007fff95820000 - 0x00007fff958c9000 	C:\WINDOWS\System32\clbcatq.dll
0x00007fff85c30000 - 0x00007fff85de4000 	C:\WINDOWS\SYSTEM32\WindowsCodecs.dll
0x00007fff77400000 - 0x00007fff7743e000 	C:\WINDOWS\system32\dataexchange.dll
0x00007fff90300000 - 0x00007fff904e3000 	C:\WINDOWS\system32\dcomp.dll
0x00007fff8fad0000 - 0x00007fff8fd33000 	C:\WINDOWS\system32\d3d11.dll
0x00007fff924e0000 - 0x00007fff925d3000 	C:\WINDOWS\system32\dxgi.dll
0x00007fff8b630000 - 0x00007fff8b830000 	C:\WINDOWS\system32\twinapi.appcore.dll
0x00007fff79fe0000 - 0x00007fff7a0d9000 	C:\WINDOWS\SYSTEM32\textinputframework.dll
0x00007fff90870000 - 0x00007fff90bce000 	C:\WINDOWS\System32\CoreUIComponents.dll
0x00007fff90bd0000 - 0x00007fff90cc2000 	C:\WINDOWS\System32\CoreMessaging.dll
0x00007fff92df0000 - 0x00007fff92e23000 	C:\WINDOWS\SYSTEM32\ntmarta.dll
0x00007fff8f970000 - 0x00007fff8fac4000 	C:\WINDOWS\SYSTEM32\wintypes.dll

dbghelp: loaded successfully - version: 4.0.5 - missing functions: none
symbol engine: initialized successfully - sym options: 0x614 - pdb path: .;D:\newcubemx\jre\bin;C:\WINDOWS\SYSTEM32;C:\WINDOWS\WinSxS\amd64_microsoft.windows.common-controls_6595b64144ccf1df_6.0.19041.1110_none_60b5254171f9507e;D:\newcubemx\jre\bin\server;c:\Program Files\HP\HP ProtectTools Security Manager\Bin;C:\WINDOWS\System32\DriverStore\FileRepository\u0382887.inf_amd64_c0c8f96c746954a2\B382882

VM Arguments:
jvm_args: -Djavax.net.ssl.trustStoreType=WINDOWS-ROOT 
java_command: com.st.microxplorer.maingui.STM32CubeMX C:\Users\Muster\Desktop\Desktop\elephant\Chassis\Chassis.ioc
java_class_path (initial): D:\newcubemx\STM32CubeMX.exe;anything
Launcher Type: SUN_STANDARD

[Global flags]
     intx CICompilerCount                          = 12                                        {product} {ergonomic}
     uint ConcGCThreads                            = 3                                         {product} {ergonomic}
     uint G1ConcRefinementThreads                  = 13                                        {product} {ergonomic}
   size_t G1HeapRegionSize                         = 1048576                                   {product} {ergonomic}
    uintx GCDrainStackTargetSize                   = 64                                        {product} {ergonomic}
   size_t InitialHeapSize                          = 257949696                                 {product} {ergonomic}
   size_t MarkStackSize                            = 4194304                                   {product} {ergonomic}
   size_t MaxHeapSize                              = 4116709376                                {product} {ergonomic}
   size_t MaxNewSize                               = 2469396480                                {product} {ergonomic}
   size_t MinHeapDeltaBytes                        = 1048576                                   {product} {ergonomic}
    uintx NonNMethodCodeHeapSize                   = 7594288                                {pd product} {ergonomic}
    uintx NonProfiledCodeHeapSize                  = 122031976                              {pd product} {ergonomic}
    uintx ProfiledCodeHeapSize                     = 122031976                              {pd product} {ergonomic}
    uintx ReservedCodeCacheSize                    = 251658240                              {pd product} {ergonomic}
     bool SegmentedCodeCache                       = true                                      {product} {ergonomic}
     bool UseCompressedClassPointers               = true                                 {lp64_product} {ergonomic}
     bool UseCompressedOops                        = true                                 {lp64_product} {ergonomic}
     bool UseG1GC                                  = true                                      {product} {ergonomic}
     bool UseLargePagesIndividualAllocation        = false                                  {pd product} {ergonomic}

Logging:
Log output configuration:
 #0: stdout all=warning uptime,level,tags
 #1: stderr all=off uptime,level,tags

Environment Variables:
PATH=C:\Program Files (x86)\Common Files\Oracle\Java\javapath;C:\WINDOWS\system32;C:\WINDOWS;C:\WINDOWS\System32\Wbem;C:\WINDOWS\System32\WindowsPowerShell\v1.0\;C:\WINDOWS\System32\OpenSSH\;C:\Users\Muster\AppData\Local\Programs\Python\Python311\Scripts\;C:\Users\Muster\AppData\Local\Programs\Python\Python311\;C:\Users\Muster\AppData\Local\Microsoft\WindowsApps;C:\Users\Muster\AppData\Local\Programs\Microsoft VS Code\bin;E:\MinGW\bin;E:\OpenOCD\bin;E:\gcc-arm-none-eabi\bin;E:\qtinstall\5.14.2\mingw73_64\bin;;D:\newcubemx\.\jre\\bin
USERNAME=Muster
OS=Windows_NT
PROCESSOR_IDENTIFIER=AMD64 Family 23 Model 96 Stepping 1, AuthenticAMD
TMP=C:\Users\Muster\AppData\Local\Temp
TEMP=C:\Users\Muster\AppData\Local\Temp



---------------  S Y S T E M  ---------------

OS: Windows 10 , 64 bit Build 19041 (10.0.19041.2788)
OS uptime: 3 days 21:48 hours

CPU:total 16 (initial active 16) (16 cores per cpu, 2 threads per core) family 23 model 96 stepping 1 microcode 0x0, cmov, cx8, fxsr, mmx, sse, sse2, sse3, ssse3, sse4.1, sse4.2, popcnt, avx, avx2, aes, clmul, mmxext, 3dnowpref, lzcnt, sse4a, ht, tsc, tscinvbit, tscinv, bmi1, bmi2, adx, sha, fma

Memory: 4k page, system-wide physical 15697M (5749M free)
TotalPageFile size 15825M (AvailPageFile size 53M)
current process WorkingSet (physical memory assigned to process): 517M, peak: 527M
current process commit charge ("private bytes"): 615M, peak: 676M

vm_info: OpenJDK 64-Bit Server VM (11.0.16+8) for windows-amd64 JRE (11.0.16+8), built on Jul 20 2022 07:15:32 by "" with MS VC++ 15.9 (VS2017)

END.
